[start]
[keygen]
$owner:$group|0620|ee.key
[reset]
$owner:$group|0755|ee.key
[csrgen]
$owner:$group|0620|ee.key
[reset]
$owner:$group|0755|ee.key
[submit]
$owner:$group|0755|ee.key
[reset]
$owner:$group|0755|ee.key
[save]
$owner:$group|0662|ee.crt
$owner:$group|0620|ee.key
[rekey:start]
[rekey:keygen]
$owner:$group|0620|ee.key
[rekey:reset]
$owner:$group|0755|ee.key
[rekey:rekey]
$owner:$group|0755|ee.key
$owner:$group|0620|ee.key.MARKER.key
[rekey:reset]
$owner:$group|0755|ee.key
$owner:$group|0755|ee.key.MARKER.key
[rekey:csrgen]
$owner:$group|0755|ee.key
$owner:$group|0620|ee.key.MARKER.key
[rekey:reset]
$owner:$group|0755|ee.key
$owner:$group|0755|ee.key.MARKER.key
[rekey:submit]
$owner:$group|0755|ee.key
$owner:$group|0755|ee.key.MARKER.key
[rekey:reset]
$owner:$group|0755|ee.key
$owner:$group|0755|ee.key.MARKER.key
[rekey:save]
$owner:$group|0662|ee.crt
$owner:$group|0620|ee.key

[sql:start]
[sql:keygen]
$owner:$group|0600|cert9.db
$owner:$group|0620|key4.db
[sql:reset]
$owner:$group|0755|cert9.db
$owner:$group|0755|key4.db
[sql:csrgen]
$owner:$group|0755|cert9.db
$owner:$group|0620|key4.db
[sql:reset]
$owner:$group|0755|cert9.db
$owner:$group|0755|key4.db
[sql:submit]
$owner:$group|0755|cert9.db
$owner:$group|0755|key4.db
[sql:reset]
$owner:$group|0755|cert9.db
$owner:$group|0755|key4.db
[sql:save]
$owner:$group|0662|cert9.db
$owner:$group|0620|key4.db
[rekey:sql:start]
[rekey:sql:keygen]
$owner:$group|0600|cert9.db
$owner:$group|0620|key4.db
[rekey:sql:reset]
$owner:$group|0755|cert9.db
$owner:$group|0755|key4.db
[rekey:sql:keygen]
$owner:$group|0755|cert9.db
$owner:$group|0620|key4.db
[rekey:sql:reset]
$owner:$group|0755|cert9.db
$owner:$group|0755|key4.db
[rekey:sql:csrgen]
$owner:$group|0755|cert9.db
$owner:$group|0620|key4.db
[rekey:sql:reset]
$owner:$group|0755|cert9.db
$owner:$group|0755|key4.db
[rekey:sql:submit]
$owner:$group|0755|cert9.db
$owner:$group|0755|key4.db
[rekey:sql:reset]
$owner:$group|0755|cert9.db
$owner:$group|0755|key4.db
[rekey:sql:save]
$owner:$group|0662|cert9.db
$owner:$group|0620|key4.db
OK
