[submit-as-agent(good.profileSubmit.issued) = ISSUED]
status="0",cert="-----BEGIN CERTIFICATE-----"
-----BEGIN CERTIFICATE-----
MIIDyDCCArCgAwIBAgIBKjANBgkqhkiG9w0BAQsFADA5MRcwFQYDVQQKEw5CT1Mu
UkVESEFULkNPTTEeMBwGA1UEAxMVQ2VydGlmaWNhdGUgQXV0aG9yaXR5MB4XDTE1
MDQxMzIwMDMxMVoXDTE1MTAxMDIwMDMxMVowgYMxCzAJBgNVBAYTAlVTMRYwFAYD
VQQIDA1NYXNzYWNodXNldHRzMRMwEQYDVQQHDApTb21lcnZpbGxlMRAwDgYDVQQK
DAdSZWQgSGF0MRQwEgYDVQQLDAtFbmdpbmVlcmluZzEfMB0GA1UEAwwWcGlsbGJv
eC5ib3MucmVkaGF0LmNvbTCCASIwDQYJKoZIhvcNAQEBBQADggEPADCCAQoCggEB
AMM9VrTiHmA1bFavmJMj1rY7UjhDPeGTILN5NpyiVb1ZVUwUG4SKNi0L8SSssIBZ
S14KhSHMlTopKV6uDVtWg5fV/Rq6LwtBrGDoO3lVSW9D7zbgqXkWkviJuuQHS+h8
Dz8x9IbV2fXM9FjyXuKB62K47PDu5q+zGtMFMdoy+kOWItrAvRuowjMKfoNaLLJ0
4Fb9P3NmVW9fvjZ/46pUOCpAik+nRJr/D2PA1d3s8CI34sbJZb04GNSzA+BHLJBE
7PC1LDppo//g1IgDWNcp6IHSd6zwasTGzlhyMLVSfKze5qXJKS6JzX0DbbSJaZC/
UN0wfzcmXya8Pd6nmvoOT0sCAwEAAaOBjzCBjDAfBgNVHSMEGDAWgBTaNCP4eABB
wBT/3pQoWQ+cxEo9vTBEBggrBgEFBQcBAQQ4MDYwNAYIKwYBBQUHMAGGKGh0dHA6
Ly9tYWNoZXRlLmJvcy5yZWRoYXQuY29tOjgwL2NhL29jc3AwDgYDVR0PAQH/BAQD
AgTwMBMGA1UdJQQMMAoGCCsGAQUFBwMBMA0GCSqGSIb3DQEBCwUAA4IBAQBdriiD
zQIkPqzRY1nUR9jI5oTygHKqNYIj8+1oKHweyKi98L47lv2hZgtREfgUCl7PS7VL
LEDAqboUEK4lJH2lstxmz2fHuQ2AOeGv6zr16u4X+woP6ZZLP6Lj/MDaueUAbOEf
/qLsaw15i53YzWXOsie3rYvy/sg0Teu4VqO3E10erL8NBJkQeKKonG70f5HuVgcR
5sWwIsxJi8YQuRkhW9meftppJIz05VHesguFvdpr2xWSB5vTH4prbfketIZl6g/c
RfOVKrVpzilh6++ZIbeFYqd3z4vIMLedjk2hSUwK5A3bPgFlqzYii8j4scn+0mZM
AsSesPzyAiutWBAX
-----END CERTIFICATE-----

[submit-as-agent(good.profileSubmit.serial.in-range) = WAIT_WITH_DELAY]
error="Request Deferred - defer request",status="2",requestId="12"
0
state=approve&requestId=12

[review-as-agent(good.profileReview) = WAIT_WITH_DELAY]
error_code="0",status="pending",requestId="17"
0
state=approve&requestId=17

[check-as-agent(good.checkRequest.complete) = WAIT_WITH_DELAY]
status="complete",requestId="23"
0
state=retrieve&requestId=23

[check-as-agent(good.checkRequest.pending) = WAIT_WITH_DELAY]
status="pending",requestId="22"
0
state=approve&requestId=22

[fetch-as-agent(good.displayCertFromRequest) = ISSUED]
requestId="11",cert="-----BEGIN CERTIFICATE-----"
-----BEGIN CERTIFICATE-----
MIIDEDCCAfigAwIBAgIBCzANBgkqhkiG9w0BAQsFADA5MRcwFQYDVQQKEw5CT1Mu
UkVESEFULkNPTTEeMBwGA1UEAxMVQ2VydGlmaWNhdGUgQXV0aG9yaXR5MB4XDTEy
MDYyNTIxMDcxMloXDTE2MDYyNTIxMDcxMlowNzEXMBUGA1UEChMOQk9TLlJFREhB
VC5DT00xHDAaBgNVBAMTE09iamVjdCBTaWduaW5nIENlcnQwggEiMA0GCSqGSIb3
DQEBAQUAA4IBDwAwggEKAoIBAQCmZoqUb8hHS6E/MmrlimQlhLHlPdxlJZn3de0K
8vHWCuyBqM9tmISsoSYHOdCm/c6vrVwwSMkn5HMjjWsJGKNdZouBmlA1WuiMDjWF
r7WexGUd34lUlliG6VQdIdkQMn9rjG+W8wTEOPCxlUBUwUBzIyZ3XDe0eCIN7NBL
wh7efZZjRgln8mH7aEGaUug2tOqj2niudXZZLLMthU/f74pdBTD+EXiAkEjN8j12
ba2Zv5mDyDqan5WDMf9a9EbDwMnFKU7/SEDCvra2jrQNPKu/dRsBvGdzqgEJDuNa
Wrn/kSz2worbW2c7V9jLgsYSjTLeYIAulCifIzBG9bisAT8DAgMBAAGjJTAjMA4G
A1UdDwEB/wQEAwIChDARBglghkgBhvhCAQEEBAMCBBAwDQYJKoZIhvcNAQELBQAD
ggEBAJzERxUVdka5UF98Ks9Lj4Y69yoiIFRYswLsCYZoP8rwZlW4aprtE/caz3nb
mFKSG1oS84DZ/d3wnvSBhdbfBLh59YH9eJnRZPS8Q+jIRkg9VSnleQTJg+kIngUZ
eWBSUUSfAI6BrgdaFB4us7i0yWJTorRh/Te69M3UKNVfx8LJsPt/nG2nQW/X0ydJ
LCT7m5N535pDf4tELcXRQAUv/xTp7F5O84pp8Bez14iVTtKazqseq5K7EKCsRXfW
4zj1FewSYaEaTHyBrcwwArEyBbdkC5cdwfJUVvNFWXrfYiCy6yBmTCQbrucmqC0M
FxfR4qHzwpD9Q7rvTzFP2/J/Cr8=
-----END CERTIFICATE-----

[profiles-as-agent(good.profileList) = ISSUED]
error_code="0",error_reason=""
caUserCert
caUserSMIMEcapCert
caDualCert
caSignedLogCert
caTPSCert
caServerCert
caOtherCert
caCACert
caInstallCACert
caRACert
caOCSPCert
caTransportCert
caDirUserCert
caAgentServerCert
caAgentFileSigning
caCMCUserCert
DomainController
caDualRAuserCert
caRAagentCert
caRAserverCert
caSSLClientSelfRenewal
caDirUserRenewal
caManualRenewal

[submit-as-agent(bad.profileSubmit.csr.empty) = REJECTED]
error="Invalid Request",status="1"
Server at "SUBMIT" replied: Invalid Request
[submit-as-agent(bad.profileSubmit.csr.subject-mismatch) = REJECTED]
error="Request Rejected - Subject Name Not Matched O=Default Company Ltd,L=Default City,C=XX",status="3",requestId="13"
Server at "SUBMIT" replied: Request Rejected - Subject Name Not Matched O=Default Company Ltd,L=Default City,C=XX
[submit-as-agent(bad.profileSubmit.serial.empty) = REJECTED]

[submit-as-agent(bad.profileSubmit.serial.invalid) = REJECTED]

[submit-as-agent(bad.profileSubmit.serial.out-of-range) = REJECTED]
error_code="1",error_reason="Server Internal Error"
Server at "SUBMIT" replied: 1: Server Internal Error
[review-as-agent(bad.profileReview.no-such-request) = REJECTED]
error_code="1",error_reason="Request 0 Not Found"
Server at "REVIEW" replied: 1: Request 0 Not Found
[review-as-agent(bad.profileReview.unauthorized-cert) = REJECTED]
error_code="1",error_reason="Authentication Error"
Server at "REVIEW" replied: 1: Authentication Error
[review-as-agent(bad.profileReview.wrong-nssdb) = REJECTED]

[approve-as-agent(bad.profileProcess.bad-property) = REJECTED]
error_code="1",error_reason="Property Error - Invalid Property notBefore",status="pending",requestId="17"
Server at "APPROVE" replied: 1: Property Error - Invalid Property notBefore
[approve-as-agent(bad.profileProcess.no-agent-cert) = REJECTED]

[approve-as-agent(bad.profileProcess.no-ca-cert) = REJECTED]

[approve-as-agent(bad.profileProcess.no-property) = REJECTED]
error_code="1",error_reason="Property Error - Invalid Property notBefore",status="pending",requestId="17"
Server at "APPROVE" replied: 1: Property Error - Invalid Property notBefore
[approve-as-agent(bad.profileProcess.not-pending) = REJECTED]
error_code="1",error_reason="Request Not In Pending State",requestId="17"
Server at "APPROVE" replied: 1: Request Not In Pending State
[check-as-agent(bad.checkRequest.nosuch) = REJECTED]
error="Request ID 29 was not found in the request queue."
Server at "CHECK" replied: Request ID 29 was not found in the request queue.
[fetch-as-agent(bad.displayCertFromRequest.incomplete) = REJECTED]
error="Request ID 14 was not completed.",status="7"
Server at "FETCH" replied: Request ID 14 was not completed.
[fetch-as-agent(bad.displayCertFromRequest.no-such-request) = REJECTED]
error="Request ID 19 was not found in the request queue.",status="7"
Server at "FETCH" replied: Request ID 19 was not found in the request queue.
[fetch-as-agent(bad.displayCertFromRequest.rejected) = REJECTED]
error="Request ID 17 was not completed.",status="7"
Server at "FETCH" replied: Request ID 17 was not completed.
[submit-as-end-entity(good.profileSubmit.issued) = ISSUED]
status="0",cert="-----BEGIN CERTIFICATE-----"
-----BEGIN CERTIFICATE-----
MIIDyDCCArCgAwIBAgIBKjANBgkqhkiG9w0BAQsFADA5MRcwFQYDVQQKEw5CT1Mu
UkVESEFULkNPTTEeMBwGA1UEAxMVQ2VydGlmaWNhdGUgQXV0aG9yaXR5MB4XDTE1
MDQxMzIwMDMxMVoXDTE1MTAxMDIwMDMxMVowgYMxCzAJBgNVBAYTAlVTMRYwFAYD
VQQIDA1NYXNzYWNodXNldHRzMRMwEQYDVQQHDApTb21lcnZpbGxlMRAwDgYDVQQK
DAdSZWQgSGF0MRQwEgYDVQQLDAtFbmdpbmVlcmluZzEfMB0GA1UEAwwWcGlsbGJv
eC5ib3MucmVkaGF0LmNvbTCCASIwDQYJKoZIhvcNAQEBBQADggEPADCCAQoCggEB
AMM9VrTiHmA1bFavmJMj1rY7UjhDPeGTILN5NpyiVb1ZVUwUG4SKNi0L8SSssIBZ
S14KhSHMlTopKV6uDVtWg5fV/Rq6LwtBrGDoO3lVSW9D7zbgqXkWkviJuuQHS+h8
Dz8x9IbV2fXM9FjyXuKB62K47PDu5q+zGtMFMdoy+kOWItrAvRuowjMKfoNaLLJ0
4Fb9P3NmVW9fvjZ/46pUOCpAik+nRJr/D2PA1d3s8CI34sbJZb04GNSzA+BHLJBE
7PC1LDppo//g1IgDWNcp6IHSd6zwasTGzlhyMLVSfKze5qXJKS6JzX0DbbSJaZC/
UN0wfzcmXya8Pd6nmvoOT0sCAwEAAaOBjzCBjDAfBgNVHSMEGDAWgBTaNCP4eABB
wBT/3pQoWQ+cxEo9vTBEBggrBgEFBQcBAQQ4MDYwNAYIKwYBBQUHMAGGKGh0dHA6
Ly9tYWNoZXRlLmJvcy5yZWRoYXQuY29tOjgwL2NhL29jc3AwDgYDVR0PAQH/BAQD
AgTwMBMGA1UdJQQMMAoGCCsGAQUFBwMBMA0GCSqGSIb3DQEBCwUAA4IBAQBdriiD
zQIkPqzRY1nUR9jI5oTygHKqNYIj8+1oKHweyKi98L47lv2hZgtREfgUCl7PS7VL
LEDAqboUEK4lJH2lstxmz2fHuQ2AOeGv6zr16u4X+woP6ZZLP6Lj/MDaueUAbOEf
/qLsaw15i53YzWXOsie3rYvy/sg0Teu4VqO3E10erL8NBJkQeKKonG70f5HuVgcR
5sWwIsxJi8YQuRkhW9meftppJIz05VHesguFvdpr2xWSB5vTH4prbfketIZl6g/c
RfOVKrVpzilh6++ZIbeFYqd3z4vIMLedjk2hSUwK5A3bPgFlqzYii8j4scn+0mZM
AsSesPzyAiutWBAX
-----END CERTIFICATE-----

[submit-as-end-entity(good.profileSubmit.serial.in-range) = WAIT]
error="Request Deferred - defer request",status="2",requestId="12"
state=check&requestId=12

[review-as-end-entity(good.profileReview) = WAIT_WITH_DELAY]
error_code="0",status="pending",requestId="17"
0
state=approve&requestId=17

[check-as-end-entity(good.checkRequest.complete) = WAIT_WITH_DELAY]
status="complete",requestId="23"
0
state=retrieve&requestId=23

[check-as-end-entity(good.checkRequest.pending) = WAIT]
status="pending",requestId="22"
state=check&requestId=22

[fetch-as-end-entity(good.displayCertFromRequest) = ISSUED]
requestId="11",cert="-----BEGIN CERTIFICATE-----"
-----BEGIN CERTIFICATE-----
MIIDEDCCAfigAwIBAgIBCzANBgkqhkiG9w0BAQsFADA5MRcwFQYDVQQKEw5CT1Mu
UkVESEFULkNPTTEeMBwGA1UEAxMVQ2VydGlmaWNhdGUgQXV0aG9yaXR5MB4XDTEy
MDYyNTIxMDcxMloXDTE2MDYyNTIxMDcxMlowNzEXMBUGA1UEChMOQk9TLlJFREhB
VC5DT00xHDAaBgNVBAMTE09iamVjdCBTaWduaW5nIENlcnQwggEiMA0GCSqGSIb3
DQEBAQUAA4IBDwAwggEKAoIBAQCmZoqUb8hHS6E/MmrlimQlhLHlPdxlJZn3de0K
8vHWCuyBqM9tmISsoSYHOdCm/c6vrVwwSMkn5HMjjWsJGKNdZouBmlA1WuiMDjWF
r7WexGUd34lUlliG6VQdIdkQMn9rjG+W8wTEOPCxlUBUwUBzIyZ3XDe0eCIN7NBL
wh7efZZjRgln8mH7aEGaUug2tOqj2niudXZZLLMthU/f74pdBTD+EXiAkEjN8j12
ba2Zv5mDyDqan5WDMf9a9EbDwMnFKU7/SEDCvra2jrQNPKu/dRsBvGdzqgEJDuNa
Wrn/kSz2worbW2c7V9jLgsYSjTLeYIAulCifIzBG9bisAT8DAgMBAAGjJTAjMA4G
A1UdDwEB/wQEAwIChDARBglghkgBhvhCAQEEBAMCBBAwDQYJKoZIhvcNAQELBQAD
ggEBAJzERxUVdka5UF98Ks9Lj4Y69yoiIFRYswLsCYZoP8rwZlW4aprtE/caz3nb
mFKSG1oS84DZ/d3wnvSBhdbfBLh59YH9eJnRZPS8Q+jIRkg9VSnleQTJg+kIngUZ
eWBSUUSfAI6BrgdaFB4us7i0yWJTorRh/Te69M3UKNVfx8LJsPt/nG2nQW/X0ydJ
LCT7m5N535pDf4tELcXRQAUv/xTp7F5O84pp8Bez14iVTtKazqseq5K7EKCsRXfW
4zj1FewSYaEaTHyBrcwwArEyBbdkC5cdwfJUVvNFWXrfYiCy6yBmTCQbrucmqC0M
FxfR4qHzwpD9Q7rvTzFP2/J/Cr8=
-----END CERTIFICATE-----

[profiles-as-end-entity(good.profileList) = ISSUED]
error_code="0",error_reason=""
caUserCert
caUserSMIMEcapCert
caDualCert
caSignedLogCert
caTPSCert
caServerCert
caOtherCert
caCACert
caInstallCACert
caRACert
caOCSPCert
caTransportCert
caDirUserCert
caAgentServerCert
caAgentFileSigning
caCMCUserCert
DomainController
caDualRAuserCert
caRAagentCert
caRAserverCert
caSSLClientSelfRenewal
caDirUserRenewal
caManualRenewal

[submit-as-end-entity(bad.profileSubmit.csr.empty) = REJECTED]
error="Invalid Request",status="1"
Server at "SUBMIT" replied: Invalid Request
[submit-as-end-entity(bad.profileSubmit.csr.subject-mismatch) = REJECTED]
error="Request Rejected - Subject Name Not Matched O=Default Company Ltd,L=Default City,C=XX",status="3",requestId="13"
Server at "SUBMIT" replied: Request Rejected - Subject Name Not Matched O=Default Company Ltd,L=Default City,C=XX
[submit-as-end-entity(bad.profileSubmit.serial.empty) = REJECTED]

[submit-as-end-entity(bad.profileSubmit.serial.invalid) = REJECTED]

[submit-as-end-entity(bad.profileSubmit.serial.out-of-range) = REJECTED]
error_code="1",error_reason="Server Internal Error"
Server at "SUBMIT" replied: 1: Server Internal Error
[review-as-end-entity(bad.profileReview.no-such-request) = REJECTED]
error_code="1",error_reason="Request 0 Not Found"
Server at "REVIEW" replied: 1: Request 0 Not Found
[review-as-end-entity(bad.profileReview.unauthorized-cert) = REJECTED]
error_code="1",error_reason="Authentication Error"
Server at "REVIEW" replied: 1: Authentication Error
[review-as-end-entity(bad.profileReview.wrong-nssdb) = REJECTED]

[approve-as-end-entity(bad.profileProcess.bad-property) = REJECTED]
error_code="1",error_reason="Property Error - Invalid Property notBefore",status="pending",requestId="17"
Server at "APPROVE" replied: 1: Property Error - Invalid Property notBefore
[approve-as-end-entity(bad.profileProcess.no-agent-cert) = REJECTED]

[approve-as-end-entity(bad.profileProcess.no-ca-cert) = REJECTED]

[approve-as-end-entity(bad.profileProcess.no-property) = REJECTED]
error_code="1",error_reason="Property Error - Invalid Property notBefore",status="pending",requestId="17"
Server at "APPROVE" replied: 1: Property Error - Invalid Property notBefore
[approve-as-end-entity(bad.profileProcess.not-pending) = REJECTED]
error_code="1",error_reason="Request Not In Pending State",requestId="17"
Server at "APPROVE" replied: 1: Request Not In Pending State
[check-as-end-entity(bad.checkRequest.nosuch) = REJECTED]
error="Request ID 29 was not found in the request queue."
Server at "CHECK" replied: Request ID 29 was not found in the request queue.
[fetch-as-end-entity(bad.displayCertFromRequest.incomplete) = REJECTED]
error="Request ID 14 was not completed.",status="7"
Server at "FETCH" replied: Request ID 14 was not completed.
[fetch-as-end-entity(bad.displayCertFromRequest.no-such-request) = REJECTED]
error="Request ID 19 was not found in the request queue.",status="7"
Server at "FETCH" replied: Request ID 19 was not found in the request queue.
[fetch-as-end-entity(bad.displayCertFromRequest.rejected) = REJECTED]
error="Request ID 17 was not completed.",status="7"
Server at "FETCH" replied: Request ID 17 was not completed.
48 samples.
