id-kp -> 1.3.6.1.5.5.7.3
id-kp.1 -> 1.3.6.1.5.5.7.3.1
id-kp.2 -> 1.3.6.1.5.5.7.3.2
id-kp.3 -> 1.3.6.1.5.5.7.3.3
id-kp.4 -> 1.3.6.1.5.5.7.3.4
id-kp.5 -> 1.3.6.1.5.5.7.3.5
id-kp.8 -> 1.3.6.1.5.5.7.3.8
id-kp.9 -> 1.3.6.1.5.5.7.3.9
id-kp-clientAuth -> 1.3.6.1.5.5.7.3.2
id-kp-codeSigning -> 1.3.6.1.5.5.7.3.3
id-kp-emailProtection -> 1.3.6.1.5.5.7.3.4
id-kp-OCSPSigning -> 1.3.6.1.5.5.7.3.9
id-kp-serverAuth -> 1.3.6.1.5.5.7.3.1
id-kp-timeStamping -> 1.3.6.1.5.5.7.3.8
id-ms-kp-sc-logon -> 1.3.6.1.4.1.311.20.2.2
id-pkinit -> 1.3.6.1.5.2.3
id-pkinit.4 -> 1.3.6.1.5.2.3.4
id-pkinit.5 -> 1.3.6.1.5.2.3.5
id-pkinit-KPClientAuth -> 1.3.6.1.5.2.3.4
id-pkinit-KPKdc -> 1.3.6.1.5.2.3.5
id-pkix -> 1.3.6.1.5.5.7
id-pkix.1 -> 1.3.6.1.5.5.7.1
id-pkix.3 -> 1.3.6.1.5.5.7.3
id-pkix-ocsp-nocheck -> 1.3.6.1.5.5.7.48.1.5
id-pe.1 -> 1.3.6.1.5.5.7.1.1
id-ce.35 -> 2.5.29.35
id-ce.14 -> 2.5.29.14
id-qt.2 -> 1.3.6.1.5.5.7.2.2
1.3.6.1.5 -> iso.org.dod.internet.security
1.3.6.1.5.5 -> iso.org.dod.internet.security.mechanisms
1.3.6.1.5.5.7 -> id-pkix
1.3.6.1.5.5.7.48.1.5 -> id-pkix-ocsp-nocheck
1.3.6.1.5.2 -> iso.org.dod.internet.security.kerberosV5
1.3.6.1.5.2.3 -> id-pkinit
1.3.6.1.4.1.311.20.2.2 -> id-ms-kp-sc-logon
Test complete.
