OK (RSA:512).
OK (RSA:1024).
OK (RSA:1536).
OK (RSA:2048).
OK (RSA:3072).
OK (RSA:4096).
OK (RSA:512).
OK (RSA:1024).
OK (RSA:1536).
OK (RSA:2048).
OK (RSA:3072).
OK (RSA:4096).
Test complete.
