[key]
OK.
[csr]
Certificate Request:
    Data:
        Version: 0 (0x0)
        Subject: CN=Babs Jensen's Signer
        Attributes:
            friendlyName             :unable to print attribute
        Requested Extensions:
            X509v3 Key Usage: 
                Digital Signature, Certificate Sign, CRL Sign
            X509v3 Subject Alternative Name: 
                email:root@localhost, email:root@localhost.localdomain
            X509v3 Basic Constraints: critical
                CA:TRUE
            X509v3 Authority Key Identifier: 
                keyid:(160 bits)

            X509v3 Subject Key Identifier: 
                (160 bits)
            Authority Information Access: 
                OCSP - URI:http://ocsp-1.example.com:12345
                OCSP - URI:http://ocsp-2.example.com:12345

            OCSP No Check: 

[issue]
[issuer]
Certificate:
    Data:
        Version: 3 (0x2)
    Signature Algorithm: sha256WithRSAEncryption
        Issuer: CN=Local Signing Authority, CN=$UUID
        Subject: CN=Local Signing Authority, CN=$UUID
        X509v3 extensions:
            X509v3 Basic Constraints: critical
                CA:TRUE
            X509v3 Subject Key Identifier: 
                (160 bits)
            X509v3 Authority Key Identifier: 
                keyid:(160 bits)

            X509v3 Key Usage: critical
                Digital Signature, Certificate Sign, CRL Sign
[subject]
Certificate:
    Data:
        Version: 3 (0x2)
    Signature Algorithm: sha256WithRSAEncryption
        Issuer: CN=Local Signing Authority, CN=$UUID
        Subject: CN=Babs Jensen's Signer
        X509v3 extensions:
            X509v3 Key Usage: 
                Digital Signature, Certificate Sign, CRL Sign
            X509v3 Subject Alternative Name: 
                email:root@localhost, email:root@localhost.localdomain
            X509v3 Basic Constraints: critical
                CA:TRUE
            X509v3 Authority Key Identifier: 
                keyid:(160 bits)

            X509v3 Subject Key Identifier: 
                (160 bits)
            Authority Information Access: 
                OCSP - URI:http://ocsp-1.example.com:12345
                OCSP - URI:http://ocsp-2.example.com:12345

            OCSP No Check: 

[verify]
cert: OK
OK.
