512 OK.
1024 OK.
1536 OK.
2048 OK.
3072 OK.
4096 OK.
Test complete.
