[dercert]
TOP:
LEAF:
-----BEGIN CERTIFICATE-----
MIIFYzCCBEugAwIBAgITHQAAAANgXaDHI7LEzAAAAAAAAzANBgkqhkiG9w0BAQUF
ADBqMRMwEQYKCZImiZPyLGQBGRYDY29tMRYwFAYKCZImiZPyLGQBGRYGcmVkaGF0
MRMwEQYKCZImiZPyLGQBGRYDYm9zMRQwEgYKCZImiZPyLGQBGRYEY2F0czEQMA4G
A1UEAxMHY2F0cy1jYTAeFw0xNTAxMjAxNzAwNTBaFw0xNzAxMTkxNzAwNTBaMCUx
CzAJBgNVBAYTAlVTMRYwFAYDVQQDEw1DQVRTLU1TQ0VQLVJBMIIBIjANBgkqhkiG
9w0BAQEFAAOCAQ8AMIIBCgKCAQEAz1HPRNKcrL1p7ukeePb6J6ERlIj7pkghJ6vF
8s4axv9nCWiYiyTKjQKOcUdd0JBnR+kiBQ0D3R8Hlt6Lpepw011Fq6e0pLV3/TkG
hlghs4S3E3yWLfPmxStKUwcOSuBftsGz3oHFcCFciPKpPHIdzix4H0hRIyvuAbt6
nYHJ5/6j8Q/9QgwnDWtz9IwzdT/kLRHTdp00B4twuGnvUo0gZ1V4/FOtlK+JOHYK
3F/nF3Zd3G5huVXnaUv4IYCVfzGmvuY+TDBXySbPMlZ9ProOw/w1pmD5EvSr45w7
3Qs02VERrmlumsRfHVClgZDpu7e0AMKzTY/JV2F0kqfyfLPP6QIDAQABo4ICRTCC
AkEwOwYJKwYBBAGCNxQCBC4eLABFAG4AcgBvAGwAbABtAGUAbgB0AEEAZwBlAG4A
dABPAGYAZgBsAGkAbgBlMBUGA1UdJQQOMAwGCisGAQQBgjcUAgEwDgYDVR0PAQH/
BAQDAgeAMB0GA1UdDgQWBBQ4+YLunQJ6VvBEBZIbvDq8uSBXOTAfBgNVHSMEGDAW
gBRgkc2jH5B+ictDORzWc8Jl3x0BKjCB0AYDVR0fBIHIMIHFMIHCoIG/oIG8hoG5
bGRhcDovLy9DTj1jYXRzLWNhLENOPWNhdHMsQ049Q0RQLENOPVB1YmxpYyUyMEtl
eSUyMFNlcnZpY2VzLENOPVNlcnZpY2VzLENOPUNvbmZpZ3VyYXRpb24sREM9Y2F0
cyxEQz1ib3MsREM9cmVkaGF0LERDPWNvbT9jZXJ0aWZpY2F0ZVJldm9jYXRpb25M
aXN0P2Jhc2U/b2JqZWN0Q2xhc3M9Y1JMRGlzdHJpYnV0aW9uUG9pbnQwgccGCCsG
AQUFBwEBBIG6MIG3MIG0BggrBgEFBQcwAoaBp2xkYXA6Ly8vQ049Y2F0cy1jYSxD
Tj1BSUEsQ049UHVibGljJTIwS2V5JTIwU2VydmljZXMsQ049U2VydmljZXMsQ049
Q29uZmlndXJhdGlvbixEQz1jYXRzLERDPWJvcyxEQz1yZWRoYXQsREM9Y29tP2NB
Q2VydGlmaWNhdGU/YmFzZT9vYmplY3RDbGFzcz1jZXJ0aWZpY2F0aW9uQXV0aG9y
aXR5MA0GCSqGSIb3DQEBBQUAA4IBAQDbwjN+OpqCmTA7Jvc+SVa22lMgOkocRqHg
FTxgs1wHFFzP+fRxJRWqAMC2+jfa5K9N/O/ftZa4tPJwahhH85HLhxX/xQlgbjq+
BDaVp27+sxMXTs7CFiKCm7pcUN+kZrDk9KpQbUchsjf405f32wh7hGpxW8YQvPkY
6XwxPHRU5o5xWaqB3rE2VxFJf47F2O8iZZOrgtF0rlbDMXfIahKw2vweWa3IQAZE
SAIRO1wEYrabyn5nJPuGi4WvEdqYEOH0ohYaBNX6Z6CG4n0/20k422HxFsNA8fJ5
hkwu1JZ5HT4ZsguDFO1Ch6b1LQk7lCw7TyOJTg+5NrdcEzZ3O/mY
-----END CERTIFICATE-----
[derpkcs7]
TOP:
-----BEGIN CERTIFICATE-----
MIIDrzCCApegAwIBAgIQcfwiT1pZpoNOkPWmM0Ix9jANBgkqhkiG9w0BAQUFADBq
MRMwEQYKCZImiZPyLGQBGRYDY29tMRYwFAYKCZImiZPyLGQBGRYGcmVkaGF0MRMw
EQYKCZImiZPyLGQBGRYDYm9zMRQwEgYKCZImiZPyLGQBGRYEY2F0czEQMA4GA1UE
AxMHY2F0cy1jYTAeFw0xNTAxMjAxNjQ5MjlaFw0yMDAxMjAxNjU5MjlaMGoxEzAR
BgoJkiaJk/IsZAEZFgNjb20xFjAUBgoJkiaJk/IsZAEZFgZyZWRoYXQxEzARBgoJ
kiaJk/IsZAEZFgNib3MxFDASBgoJkiaJk/IsZAEZFgRjYXRzMRAwDgYDVQQDEwdj
YXRzLWNhMIIBIjANBgkqhkiG9w0BAQEFAAOCAQ8AMIIBCgKCAQEA3OyoxZGu3tQX
QwR9fCqIZ8NSURIGXdG9r6jdp33iJxqYItKlMF4l2z1WPJsPSV1u4SvKh525Gypi
ds6uZXPiYZau2Q3hi2HWhpRctSyZWP3DCKJh/cWfG9O/kVsJxg+nPDbldZOS4Ghq
sO+QcH16nPAdDJz5dFDMp3SChgJBR42ynSXVtibX0oOC9Z4Lyix6EuNWNOMtJh49
DUCRkcRaEG9ffFWC2KBbVZZhJDc8fpihQP0pA8U2l14JqZBKAegdYqOX50DrDMdw
/AzLzrSbvjfhLDXAKb07hfu9I5MFDSVEzwLPrROD9jhMKwcxq6w8fILxKGR0IADi
NKgmEY/ePQIDAQABo1EwTzALBgNVHQ8EBAMCAYYwDwYDVR0TAQH/BAUwAwEB/zAd
BgNVHQ4EFgQUYJHNox+QfonLQzkc1nPCZd8dASowEAYJKwYBBAGCNxUBBAMCAQAw
DQYJKoZIhvcNAQEFBQADggEBACZQClL3/6qebCPcryb7AmmEioNzfPGRt/1bzEYW
Kgm1GG2gza7HCiucGJvaZ0VUnWW/X/YtNJuqEDKyoyiCACwvsp/QGCjqtv/gedrO
0sXCw23uTTWs8oWmS2tT4ilc9FX0Gcq41KS40MFbbSrqDuoCbAOB8IrC78j6qBUK
FHgs4rBh67Fzn7DZOgnIbhEl/Fgh1gfpX+1ldUeh3azx1bCpKH0f0Viqs8wWrGrC
uB0lk54BgneRAOPeJWp2ZfDkDyjuYtqZB0wRE2o7wU4m+gRA7T9F3WyiueKWu4PX
Pb51TbuJAVlN1zoXscuXSNzkYFDxd4r6PDuDYF4hmXjqO7E=
-----END CERTIFICATE-----
LEAF:
-----BEGIN CERTIFICATE-----
MIIFUTCCBDmgAwIBAgITHQAAAATxxD/uqD1cPwAAAAAABDANBgkqhkiG9w0BAQUF
ADBqMRMwEQYKCZImiZPyLGQBGRYDY29tMRYwFAYKCZImiZPyLGQBGRYGcmVkaGF0
MRMwEQYKCZImiZPyLGQBGRYDYm9zMRQwEgYKCZImiZPyLGQBGRYEY2F0czEQMA4G
A1UEAxMHY2F0cy1jYTAeFw0xNTAxMjAxNzAwNTBaFw0xNzAxMTkxNzAwNTBaMCUx
CzAJBgNVBAYTAlVTMRYwFAYDVQQDEw1DQVRTLU1TQ0VQLVJBMIIBIjANBgkqhkiG
9w0BAQEFAAOCAQ8AMIIBCgKCAQEAskLdYKcg6nqfcR1Esaxtcuf7mEW4V3/QfHuW
84jPnrIuqN04/fIRe2N0EajBVj5YKbPAnsTPasCUYOTEQm6x/nf0nQlz1sSu7Q04
wxTVHeIipNCmAa/NNzwKkXW25Lv6Y0N4h5QC0SaDc3Dre3GglmmLekxHRaelXsbr
9zcAsdW1C/5pcZCEvwRohuaPC9utNBwxr0MPGJsuim+hTXfMab8T1D3XvWL/8uPT
wZWATylAJC5CLeQRB77EOkrip9URk3/8J62kjZ7WsFbcNOtC3SIHJUBozYcv2tzT
7Rd++Wqevyf4ycN+7MiAp8mk7il14Q99dOxetclUYO6HZxdlnQIDAQABo4ICMzCC
Ai8wKQYJKwYBBAGCNxQCBBweGgBDAEUAUABFAG4AYwByAHkAcAB0AGkAbwBuMBUG
A1UdJQQOMAwGCisGAQQBgjcUAgEwDgYDVR0PAQH/BAQDAgUgMB0GA1UdDgQWBBSj
cljfx7t241rUq23YBU0RANSpiDAfBgNVHSMEGDAWgBRgkc2jH5B+ictDORzWc8Jl
3x0BKjCB0AYDVR0fBIHIMIHFMIHCoIG/oIG8hoG5bGRhcDovLy9DTj1jYXRzLWNh
LENOPWNhdHMsQ049Q0RQLENOPVB1YmxpYyUyMEtleSUyMFNlcnZpY2VzLENOPVNl
cnZpY2VzLENOPUNvbmZpZ3VyYXRpb24sREM9Y2F0cyxEQz1ib3MsREM9cmVkaGF0
LERDPWNvbT9jZXJ0aWZpY2F0ZVJldm9jYXRpb25MaXN0P2Jhc2U/b2JqZWN0Q2xh
c3M9Y1JMRGlzdHJpYnV0aW9uUG9pbnQwgccGCCsGAQUFBwEBBIG6MIG3MIG0Bggr
BgEFBQcwAoaBp2xkYXA6Ly8vQ049Y2F0cy1jYSxDTj1BSUEsQ049UHVibGljJTIw
S2V5JTIwU2VydmljZXMsQ049U2VydmljZXMsQ049Q29uZmlndXJhdGlvbixEQz1j
YXRzLERDPWJvcyxEQz1yZWRoYXQsREM9Y29tP2NBQ2VydGlmaWNhdGU/YmFzZT9v
YmplY3RDbGFzcz1jZXJ0aWZpY2F0aW9uQXV0aG9yaXR5MA0GCSqGSIb3DQEBBQUA
A4IBAQBCOr7Zl+MQAvHR0RAXrqy0EP49HIo1IUgjY3Rx5Dvje5zSfkvd/C8ftpLc
5fJD2pBcnhy8rlG1upRwAxMKpofYu5Ul9MDnbpdZ33j9pdS2ZVT/TckwWEaW9IQn
rXgnIFCbZnLTIi38ISgHIj6lenvk49nDF2a4fAG+FSRGGwh/eK7TiqB6EWIO+rL2
Qq+Y4++V+w5nz6vMQh087/b/1AX2GUQrrmzRtk+QIQZAT6EWTm1ye4RxkDJuzcoO
Lq36M2ZukDd+hdhCS1iUjWTfubmbjYEsmn5NFQaLHd0/oP5YoXVJ+ET1A+5DQGuv
Hq46MMroxN5L7Jhiu/Q9x3E6UJZv
-----END CERTIFICATE-----
1:
-----BEGIN CERTIFICATE-----
MIIFYzCCBEugAwIBAgITHQAAAANgXaDHI7LEzAAAAAAAAzANBgkqhkiG9w0BAQUF
ADBqMRMwEQYKCZImiZPyLGQBGRYDY29tMRYwFAYKCZImiZPyLGQBGRYGcmVkaGF0
MRMwEQYKCZImiZPyLGQBGRYDYm9zMRQwEgYKCZImiZPyLGQBGRYEY2F0czEQMA4G
A1UEAxMHY2F0cy1jYTAeFw0xNTAxMjAxNzAwNTBaFw0xNzAxMTkxNzAwNTBaMCUx
CzAJBgNVBAYTAlVTMRYwFAYDVQQDEw1DQVRTLU1TQ0VQLVJBMIIBIjANBgkqhkiG
9w0BAQEFAAOCAQ8AMIIBCgKCAQEAz1HPRNKcrL1p7ukeePb6J6ERlIj7pkghJ6vF
8s4axv9nCWiYiyTKjQKOcUdd0JBnR+kiBQ0D3R8Hlt6Lpepw011Fq6e0pLV3/TkG
hlghs4S3E3yWLfPmxStKUwcOSuBftsGz3oHFcCFciPKpPHIdzix4H0hRIyvuAbt6
nYHJ5/6j8Q/9QgwnDWtz9IwzdT/kLRHTdp00B4twuGnvUo0gZ1V4/FOtlK+JOHYK
3F/nF3Zd3G5huVXnaUv4IYCVfzGmvuY+TDBXySbPMlZ9ProOw/w1pmD5EvSr45w7
3Qs02VERrmlumsRfHVClgZDpu7e0AMKzTY/JV2F0kqfyfLPP6QIDAQABo4ICRTCC
AkEwOwYJKwYBBAGCNxQCBC4eLABFAG4AcgBvAGwAbABtAGUAbgB0AEEAZwBlAG4A
dABPAGYAZgBsAGkAbgBlMBUGA1UdJQQOMAwGCisGAQQBgjcUAgEwDgYDVR0PAQH/
BAQDAgeAMB0GA1UdDgQWBBQ4+YLunQJ6VvBEBZIbvDq8uSBXOTAfBgNVHSMEGDAW
gBRgkc2jH5B+ictDORzWc8Jl3x0BKjCB0AYDVR0fBIHIMIHFMIHCoIG/oIG8hoG5
bGRhcDovLy9DTj1jYXRzLWNhLENOPWNhdHMsQ049Q0RQLENOPVB1YmxpYyUyMEtl
eSUyMFNlcnZpY2VzLENOPVNlcnZpY2VzLENOPUNvbmZpZ3VyYXRpb24sREM9Y2F0
cyxEQz1ib3MsREM9cmVkaGF0LERDPWNvbT9jZXJ0aWZpY2F0ZVJldm9jYXRpb25M
aXN0P2Jhc2U/b2JqZWN0Q2xhc3M9Y1JMRGlzdHJpYnV0aW9uUG9pbnQwgccGCCsG
AQUFBwEBBIG6MIG3MIG0BggrBgEFBQcwAoaBp2xkYXA6Ly8vQ049Y2F0cy1jYSxD
Tj1BSUEsQ049UHVibGljJTIwS2V5JTIwU2VydmljZXMsQ049U2VydmljZXMsQ049
Q29uZmlndXJhdGlvbixEQz1jYXRzLERDPWJvcyxEQz1yZWRoYXQsREM9Y29tP2NB
Q2VydGlmaWNhdGU/YmFzZT9vYmplY3RDbGFzcz1jZXJ0aWZpY2F0aW9uQXV0aG9y
aXR5MA0GCSqGSIb3DQEBBQUAA4IBAQDbwjN+OpqCmTA7Jvc+SVa22lMgOkocRqHg
FTxgs1wHFFzP+fRxJRWqAMC2+jfa5K9N/O/ftZa4tPJwahhH85HLhxX/xQlgbjq+
BDaVp27+sxMXTs7CFiKCm7pcUN+kZrDk9KpQbUchsjf405f32wh7hGpxW8YQvPkY
6XwxPHRU5o5xWaqB3rE2VxFJf47F2O8iZZOrgtF0rlbDMXfIahKw2vweWa3IQAZE
SAIRO1wEYrabyn5nJPuGi4WvEdqYEOH0ohYaBNX6Z6CG4n0/20k422HxFsNA8fJ5
hkwu1JZ5HT4ZsguDFO1Ch6b1LQk7lCw7TyOJTg+5NrdcEzZ3O/mY
-----END CERTIFICATE-----
[bundle]
TOP:
LEAF:
1:
-----BEGIN CERTIFICATE-----
MIIBoDCCAQmgAwIBAAIBATANBgkqhkiG9w0BAQsFADAUMRIwEAYDVQQDEwlsb2Nh
bGhvc3QwIhgPMjAxNTAxMjcwMDAwMDBaGA8yMTE1MDEyNzAwMDAwMFowFDESMBAG
A1UEAxMJbG9jYWxob3N0MIGfMA0GCSqGSIb3DQEBAQUAA4GNADCBiQKBgQDT7+Ba
zrT3e/run8ZxrTfZNFx+vY+twKMPRXowSGot2eLcdDIIryOHir1tUXIDZN2j+nF4
U6kX3W66yMZjUApmYcFjhPk0Pg4ymsh/ScW2OlQXvC/fsoPhvKA6cBeWUWwpdtRn
FjZ14qmGuABPi6c/p0C/04HoBR9Y6QI5voRvHwIDAQABMA0GCSqGSIb3DQEBCwUA
A4GBAB4F1sjBaOJVuMmubbxc6vm3yDTwU3QwJzjmXgwGUp5QryUIBZc9Kc5ceMUJ
/Xf3OFDGWOqIx4JONdcgfLRJxax9WWg4mYbkAmUQBRtl7fGgEvOqF9EgtEY06Nj5
aI7vbFEfB80Xd0O9O06ckxr7QBScWc2RCeFYrUpNi6s3vfM5
-----END CERTIFICATE-----
2:
-----BEGIN CERTIFICATE-----
MIIBoDCCAQmgAwIBAAIBATANBgkqhkiG9w0BAQsFADAUMRIwEAYDVQQDEwlsb2Nh
bGhvc3QwIhgPMjAxNTAxMjcwMDAwMDBaGA8yMTE1MDEyNzAwMDAwMFowFDESMBAG
A1UEAxMJbG9jYWxob3N0MIGfMA0GCSqGSIb3DQEBAQUAA4GNADCBiQKBgQC88Y0X
CyeM/Q32FPZzASZCvnc7/8c1APYUpnI458WL2NEnQARuN+JRuDMCRxfhyplNxBwY
IYGF1ufjjH7tk3Yap+g5b3cZ0054/45FOZvOJ9TdjWLWGMQPBrtDleqR9IsL5hZc
riAPm3lh6F0uqtAnpNo5OV3OtxPStE5DzX02RQIDAQABMA0GCSqGSIb3DQEBCwUA
A4GBAGWOrfPaXb3JH9EYl2H0mxw4camJSKfpDDfdEGzfbnmaQwQ1M/rtLGb6/sLj
DqlRPATPtQOIaH1MPGNvE0nO/m4Hg7gE2QiSkoqEPrwAVFMvGtiyFnXa/LMa2Kzs
umCWvvu9E12n0jz7hSnEdgF5qYtIUtiKBX9jNzQZeC/b2L+v
-----END CERTIFICATE-----
Decrypted CSR:
MIIBwjCCASsCAQAwFDESMBAGA1UEAxMJbG9jYWxob3N0MIGfMA0GCSqGSIb3DQEBAQUAA4GNADCB
iQKBgQC394oITlJchLbXLUAYJ+IGpvr3YfyQlQb3u95p3s0gEemx/+Dy3ViJW7WhMuc/FHJSV5gh
LflkTRLfUdS18LGBkfkREBJVWfELhgm5ZHqiGzCvTmg01tgvouKj+8kFNJIaWsEm8mBaSoJzk8+v
OQsnXjrZAKAFY7WrVryilh4cQQIDAQABoG4wKwYJKoZIhvcNAQkUMR4eHAAyADAAMQA1ADAAMQAy
ADIAMgAzADIANQAxADMwPwYJKoZIhvcNAQkOMTIwMDAMBgNVHRMBAf8EAjAAMCAGA1UdDgEBAAQW
BBQfjVS9H0rXGb4SFB9bkzTpHHUH2jANBgkqhkiG9w0BAQsFAAOBgQAliHNkTQ35679h9RWudkBB
n5aRnp+AoRPVyPMoqr8vl4SyrMiqg+U71hbju5fEnrFi8kDHYgq0otbbrjLR8fyXjJzhoUgY1two
mdFeLvfd1Dk2DClEKGqye8rTQaatL3tq29NjqASSge1zc9gcIfqK9dgYShx5Iy0Rshend17aBw==
Encoded issuer-and-subject:
MCwwFDESMBAGA1UEAxMJbG9jYWxob3N0MBQxEjAQBgNVBAMTCWxvY2FsaG9zdA==
Decrypted issuer-and-subject:
MCwwFDESMBAGA1UEAxMJbG9jYWxob3N0MBQxEjAQBgNVBAMTCWxvY2FsaG9zdA==
Encrypted plaintext, OpenSSL key:
payload:VGhpcyBpcyBzb21lIHBsYWludGV4dC4NCg==
Encrypted plaintext, NSS key:
pk12util: PKCS12 IMPORT SUCCESSFUL
payload:VGhpcyBpcyBzb21lIHBsYWludGV4dC4NCg==
