[Generating key.]
OK.
certutil: Checking token "NSS Certificate DB" in slot "NSS User Private Key and Certificate Services"
< 0> rsa PRIVATE-KEY Test
[Saving certificate.]
OK

Certificate Nickname Trust Attributes
 SSL,S/MIME,JAR/XPI

Test ,, 
[Test complete.]
