"${tmpdir}": "${tmpdir}"
".": "${tmpdir}"
"subdir": "${tmpdir}/subdir"
"subdir/": "${tmpdir}/subdir"
"subdir/..": "${tmpdir}"
"subdir/../subdir": "${tmpdir}/subdir"
"otherdir": "${tmpdir}/otherdir"
"otherdir/": "${tmpdir}/otherdir"
"otherdir//": "${tmpdir}/otherdir"
"otherdir/..": "${tmpdir}"
"otherdir//../subdir": "${tmpdir}/subdir"
"${tmpdir}/otherdir//../subdir": "${tmpdir}/subdir"
"subdir/../otherdir": "${tmpdir}/otherdir"
"subdir/file": "${tmpdir}/subdir/file"
"subdir/../subdir/file": "${tmpdir}/subdir/file"
"otherdir/file": "${tmpdir}/otherdir/file"
"otherdir/../subdir/file": "${tmpdir}/subdir/file"
"subdir/../otherdir/file": "${tmpdir}/otherdir/file"
"not-there": "${tmpdir}/not-there"
"subdir/not-there": "${tmpdir}/subdir/not-there"
"otherdir/not-there": "${tmpdir}/otherdir/not-there"
