[identify:IDLE]
IDLE
-START-
-STUCK- (4:0)
id=Test CA
ca_is_default=0
ca_type=EXTERNAL
ca_external_helper=${tmpdir}/ca-data

[identify:NEED_TO_REFRESH]
NEED_TO_REFRESH
-START-
REFRESHING
NEED_TO_ANALYZE
-STOP-
id=Test CA
ca_aka=Test
ca_is_default=0
ca_type=EXTERNAL
ca_external_helper=${tmpdir}/ca-data

[identify:UNREACHABLE]
UNREACHABLE
-START-
NEED_TO_REFRESH
-STOP-
id=Test CA
ca_is_default=0
ca_type=EXTERNAL
ca_external_helper=${tmpdir}/ca-data

[identify:NEED_TO_SAVE_DATA]
NEED_TO_SAVE_DATA
-START-
START_SAVING_DATA
SAVING_DATA
NEED_POST_SAVE_DATA
SAVED_DATA
NEED_TO_ANALYZE
-STOP-
id=Test CA
ca_is_default=0
ca_type=EXTERNAL
ca_external_helper=${tmpdir}/ca-data

[identify:NEED_TO_ANALYZE]
NEED_TO_ANALYZE
-START-
IDLE
-STOP-
id=Test CA
ca_is_default=0
ca_type=EXTERNAL
ca_external_helper=${tmpdir}/ca-data

[identify:DISABLED]
DISABLED
-START-
-STUCK- (4:0)
id=Test CA
ca_is_default=0
ca_type=EXTERNAL
ca_external_helper=${tmpdir}/ca-data

[identify:NEED_TO_REFRESH]
NEED_TO_REFRESH
-START-
REFRESHING
NEED_TO_ANALYZE
-STOP-
id=Test CA
ca_aka=Test
ca_is_default=0
ca_type=EXTERNAL
ca_external_helper=${tmpdir}/ca-data

[certs:IDLE]
IDLE
-START-
-STUCK- (4:0)
id=Test CA
ca_is_default=0
ca_type=EXTERNAL
ca_external_helper=${tmpdir}/ca-data

[certs:NEED_TO_REFRESH]
NEED_TO_REFRESH
-START-
REFRESHING
NEED_TO_SAVE_DATA
-STOP-
id=Test CA
ca_is_default=0
ca_type=EXTERNAL
ca_external_helper=${tmpdir}/ca-data
ca_root_certs=Root
 -----BEGIN CERTIFICATE-----
 MIIEDjCCAvagAwIBAgIOAQAAAAABPWT1Paf0wU4wDQYJKoZIhvcNAQEFBQAwRjEX
 MBUGA1UEChMOQ3liZXJ0cnVzdCBJbmMxKzApBgNVBAMTIkN5YmVydHJ1c3QgUHVi
 bGljIFN1cmVTZXJ2ZXIgU1YgQ0EwHhcNMTMwMzEzMTc0ODQ3WhcNMTQwMzEzMTc0
 ODQ3WjBuMQswCQYDVQQGEwJVUzEXMBUGA1UECBMOTk9SVEggQ0FST0xJTkExEDAO
 BgNVBAcTB1JhbGVpZ2gxEDAOBgNVBAoTB1JlZCBIYXQxCzAJBgNVBAsTAklUMRUw
 EwYDVQQDFAwqLnJlZGhhdC5jb20wggEiMA0GCSqGSIb3DQEBAQUAA4IBDwAwggEK
 AoIBAQC8NmWLQuAdaMTQ2Ae8AVPUKDEdCNtGBE4It5hb4xL9cHSzQeBaMDm9UR5X
 w5DLR93TQFL+Rc9mLbrBhIz9eacrs5qpUp4i5XhgnvEN7vBsUyFjZqQ+W5Zqs5Cv
 yMVv+rkRRa22hYPqFNM0R0lBPLltZO6+58VA53ttr87JOdPZsdomJtzruXz9ceLg
 ZnDULmIfZFhw7bz0Y9qAURSsULpIjLwWsGjOlNpPSTisCNwNWrmT4KerD8RnCXy+
 keWZPSw9RgMBbyYD6am0nj2/JPmkv390F6HYi6f/0OyefKqZEaPgwDmhEiW6K2Ps
 qodUKMcfBFJNgPs6ZuqOLnGILVyrAgMBAAGjgdEwgc4wHwYDVR0jBBgwFoAUBJhg
 34AblkldZVYtpSwJJArs3LkwPwYDVR0fBDgwNjA0oDKgMIYuaHR0cDovL2NybC5v
 bW5pcm9vdC5jb20vUHVibGljU3VyZVNlcnZlclNWLmNybDAdBgNVHQ4EFgQUC5p5
 rlungiFqeTNw0HOISTrudr8wCQYDVR0TBAIwADAOBgNVHQ8BAf8EBAMCBaAwHQYD
 VR0lBBYwFAYIKwYBBQUHAwEGCCsGAQUFBwMCMBEGCWCGSAGG+EIBAQQEAwIGwDAN
 BgkqhkiG9w0BAQUFAAOCAQEAJC1PfXXjM3Y2ifPlzauQgLHiizx3XeIB86AXJHL2
 N77UMfkSYmUJraWZX3Ye7icDbRwNHLIDJMfpjgcwnC+ZB+byyvmtjGjcTuqVZpXS
 2JU8kgGxNlEjCd4NsumpzollG1W1iDorBCt9bHp8b4isLD+jSnqbWKnvuEUle0ad
 Pi7xjf9BidMvYUEBpJsd9rA1LQtp/ZfxxA6RtgCeXjQPexjsvf6SLKyrmacHZcMJ
 b6JbhXMTzB7QZjR3IooqzXS8T/2zBxDUSH4fJ4o0KSkY8cjNCCxdnkXL96PC9KQ5
 kV1Ad3iHw/TnJjzrJJs3o92pRR/JtF0Jw6dszNP1Sn68uA==
 -----END CERTIFICATE-----

[certs:UNREACHABLE]
UNREACHABLE
-START-
NEED_TO_REFRESH
-STOP-
id=Test CA
ca_is_default=0
ca_type=EXTERNAL
ca_external_helper=${tmpdir}/ca-data

[certs:NEED_TO_SAVE_DATA]
NEED_TO_SAVE_DATA
-START-
START_SAVING_DATA
SAVING_DATA
NEED_POST_SAVE_DATA
SAVED_DATA
NEED_TO_ANALYZE
-STOP-
id=Test CA
ca_is_default=0
ca_type=EXTERNAL
ca_external_helper=${tmpdir}/ca-data

[certs:NEED_TO_ANALYZE]
NEED_TO_ANALYZE
-START-
ANALYZING
IDLE
-STOP-
id=Test CA
ca_is_default=0
ca_type=EXTERNAL
ca_external_helper=${tmpdir}/ca-data

[certs:DISABLED]
DISABLED
-START-
-STUCK- (4:0)
id=Test CA
ca_is_default=0
ca_type=EXTERNAL
ca_external_helper=${tmpdir}/ca-data

[certs:NEED_TO_REFRESH]
NEED_TO_REFRESH
-START-
REFRESHING
NEED_TO_SAVE_DATA
START_SAVING_DATA
SAVING_DATA
NEED_POST_SAVE_DATA
SAVED_DATA
NEED_TO_ANALYZE
-STOP-
id=Test CA
ca_is_default=0
ca_type=EXTERNAL
ca_external_helper=${tmpdir}/ca-data
ca_root_certs=Root
 -----BEGIN CERTIFICATE-----
 MIIEDjCCAvagAwIBAgIOAQAAAAABPWT1Paf0wU4wDQYJKoZIhvcNAQEFBQAwRjEX
 MBUGA1UEChMOQ3liZXJ0cnVzdCBJbmMxKzApBgNVBAMTIkN5YmVydHJ1c3QgUHVi
 bGljIFN1cmVTZXJ2ZXIgU1YgQ0EwHhcNMTMwMzEzMTc0ODQ3WhcNMTQwMzEzMTc0
 ODQ3WjBuMQswCQYDVQQGEwJVUzEXMBUGA1UECBMOTk9SVEggQ0FST0xJTkExEDAO
 BgNVBAcTB1JhbGVpZ2gxEDAOBgNVBAoTB1JlZCBIYXQxCzAJBgNVBAsTAklUMRUw
 EwYDVQQDFAwqLnJlZGhhdC5jb20wggEiMA0GCSqGSIb3DQEBAQUAA4IBDwAwggEK
 AoIBAQC8NmWLQuAdaMTQ2Ae8AVPUKDEdCNtGBE4It5hb4xL9cHSzQeBaMDm9UR5X
 w5DLR93TQFL+Rc9mLbrBhIz9eacrs5qpUp4i5XhgnvEN7vBsUyFjZqQ+W5Zqs5Cv
 yMVv+rkRRa22hYPqFNM0R0lBPLltZO6+58VA53ttr87JOdPZsdomJtzruXz9ceLg
 ZnDULmIfZFhw7bz0Y9qAURSsULpIjLwWsGjOlNpPSTisCNwNWrmT4KerD8RnCXy+
 keWZPSw9RgMBbyYD6am0nj2/JPmkv390F6HYi6f/0OyefKqZEaPgwDmhEiW6K2Ps
 qodUKMcfBFJNgPs6ZuqOLnGILVyrAgMBAAGjgdEwgc4wHwYDVR0jBBgwFoAUBJhg
 34AblkldZVYtpSwJJArs3LkwPwYDVR0fBDgwNjA0oDKgMIYuaHR0cDovL2NybC5v
 bW5pcm9vdC5jb20vUHVibGljU3VyZVNlcnZlclNWLmNybDAdBgNVHQ4EFgQUC5p5
 rlungiFqeTNw0HOISTrudr8wCQYDVR0TBAIwADAOBgNVHQ8BAf8EBAMCBaAwHQYD
 VR0lBBYwFAYIKwYBBQUHAwEGCCsGAQUFBwMCMBEGCWCGSAGG+EIBAQQEAwIGwDAN
 BgkqhkiG9w0BAQUFAAOCAQEAJC1PfXXjM3Y2ifPlzauQgLHiizx3XeIB86AXJHL2
 N77UMfkSYmUJraWZX3Ye7icDbRwNHLIDJMfpjgcwnC+ZB+byyvmtjGjcTuqVZpXS
 2JU8kgGxNlEjCd4NsumpzollG1W1iDorBCt9bHp8b4isLD+jSnqbWKnvuEUle0ad
 Pi7xjf9BidMvYUEBpJsd9rA1LQtp/ZfxxA6RtgCeXjQPexjsvf6SLKyrmacHZcMJ
 b6JbhXMTzB7QZjR3IooqzXS8T/2zBxDUSH4fJ4o0KSkY8cjNCCxdnkXL96PC9KQ5
 kV1Ad3iHw/TnJjzrJJs3o92pRR/JtF0Jw6dszNP1Sn68uA==
 -----END CERTIFICATE-----

[profiles:IDLE]
IDLE
-START-
-STUCK- (4:0)
id=Test CA
ca_is_default=0
ca_type=EXTERNAL
ca_external_helper=${tmpdir}/ca-data

[profiles:NEED_TO_REFRESH]
NEED_TO_REFRESH
-START-
REFRESHING
NEED_TO_ANALYZE
-STOP-
id=Test CA
ca_is_default=0
ca_type=EXTERNAL
ca_external_helper=${tmpdir}/ca-data
ca_profiles=None

[profiles:UNREACHABLE]
UNREACHABLE
-START-
NEED_TO_REFRESH
-STOP-
id=Test CA
ca_is_default=0
ca_type=EXTERNAL
ca_external_helper=${tmpdir}/ca-data

[profiles:NEED_TO_SAVE_DATA]
NEED_TO_SAVE_DATA
-START-
START_SAVING_DATA
SAVING_DATA
NEED_POST_SAVE_DATA
SAVED_DATA
NEED_TO_ANALYZE
-STOP-
id=Test CA
ca_is_default=0
ca_type=EXTERNAL
ca_external_helper=${tmpdir}/ca-data

[profiles:NEED_TO_ANALYZE]
NEED_TO_ANALYZE
-START-
IDLE
-STOP-
id=Test CA
ca_is_default=0
ca_type=EXTERNAL
ca_external_helper=${tmpdir}/ca-data

[profiles:DISABLED]
DISABLED
-START-
-STUCK- (4:0)
id=Test CA
ca_is_default=0
ca_type=EXTERNAL
ca_external_helper=${tmpdir}/ca-data

[profiles:NEED_TO_REFRESH]
NEED_TO_REFRESH
-START-
REFRESHING
NEED_TO_ANALYZE
-STOP-
id=Test CA
ca_is_default=0
ca_type=EXTERNAL
ca_external_helper=${tmpdir}/ca-data
ca_profiles=None

[default_profile:IDLE]
IDLE
-START-
-STUCK- (4:0)
id=Test CA
ca_is_default=0
ca_type=EXTERNAL
ca_external_helper=${tmpdir}/ca-data

[default_profile:NEED_TO_REFRESH]
NEED_TO_REFRESH
-START-
REFRESHING
NEED_TO_ANALYZE
-STOP-
id=Test CA
ca_is_default=0
ca_type=EXTERNAL
ca_external_helper=${tmpdir}/ca-data
ca_default_profile=None

[default_profile:UNREACHABLE]
UNREACHABLE
-START-
NEED_TO_REFRESH
-STOP-
id=Test CA
ca_is_default=0
ca_type=EXTERNAL
ca_external_helper=${tmpdir}/ca-data

[default_profile:NEED_TO_SAVE_DATA]
NEED_TO_SAVE_DATA
-START-
START_SAVING_DATA
SAVING_DATA
NEED_POST_SAVE_DATA
SAVED_DATA
NEED_TO_ANALYZE
-STOP-
id=Test CA
ca_is_default=0
ca_type=EXTERNAL
ca_external_helper=${tmpdir}/ca-data

[default_profile:NEED_TO_ANALYZE]
NEED_TO_ANALYZE
-START-
IDLE
-STOP-
id=Test CA
ca_is_default=0
ca_type=EXTERNAL
ca_external_helper=${tmpdir}/ca-data

[default_profile:DISABLED]
DISABLED
-START-
-STUCK- (4:0)
id=Test CA
ca_is_default=0
ca_type=EXTERNAL
ca_external_helper=${tmpdir}/ca-data

[default_profile:NEED_TO_REFRESH]
NEED_TO_REFRESH
-START-
REFRESHING
NEED_TO_ANALYZE
-STOP-
id=Test CA
ca_is_default=0
ca_type=EXTERNAL
ca_external_helper=${tmpdir}/ca-data
ca_default_profile=None

[enrollment_reqs:IDLE]
IDLE
-START-
-STUCK- (4:0)
id=Test CA
ca_is_default=0
ca_type=EXTERNAL
ca_external_helper=${tmpdir}/ca-data

[enrollment_reqs:NEED_TO_REFRESH]
NEED_TO_REFRESH
-START-
REFRESHING
NEED_TO_ANALYZE
-STOP-
id=Test CA
ca_is_default=0
ca_type=EXTERNAL
ca_external_helper=${tmpdir}/ca-data

[enrollment_reqs:UNREACHABLE]
UNREACHABLE
-START-
NEED_TO_REFRESH
-STOP-
id=Test CA
ca_is_default=0
ca_type=EXTERNAL
ca_external_helper=${tmpdir}/ca-data

[enrollment_reqs:NEED_TO_SAVE_DATA]
NEED_TO_SAVE_DATA
-START-
START_SAVING_DATA
SAVING_DATA
NEED_POST_SAVE_DATA
SAVED_DATA
NEED_TO_ANALYZE
-STOP-
id=Test CA
ca_is_default=0
ca_type=EXTERNAL
ca_external_helper=${tmpdir}/ca-data

[enrollment_reqs:NEED_TO_ANALYZE]
NEED_TO_ANALYZE
-START-
IDLE
-STOP-
id=Test CA
ca_is_default=0
ca_type=EXTERNAL
ca_external_helper=${tmpdir}/ca-data

[enrollment_reqs:DISABLED]
DISABLED
-START-
-STUCK- (4:0)
id=Test CA
ca_is_default=0
ca_type=EXTERNAL
ca_external_helper=${tmpdir}/ca-data

[enrollment_reqs:NEED_TO_REFRESH]
NEED_TO_REFRESH
-START-
REFRESHING
NEED_TO_ANALYZE
-STOP-
id=Test CA
ca_is_default=0
ca_type=EXTERNAL
ca_external_helper=${tmpdir}/ca-data

[renewal_reqs:IDLE]
IDLE
-START-
-STUCK- (4:0)
id=Test CA
ca_is_default=0
ca_type=EXTERNAL
ca_external_helper=${tmpdir}/ca-data

[renewal_reqs:NEED_TO_REFRESH]
NEED_TO_REFRESH
-START-
REFRESHING
NEED_TO_ANALYZE
-STOP-
id=Test CA
ca_is_default=0
ca_type=EXTERNAL
ca_external_helper=${tmpdir}/ca-data

[renewal_reqs:UNREACHABLE]
UNREACHABLE
-START-
NEED_TO_REFRESH
-STOP-
id=Test CA
ca_is_default=0
ca_type=EXTERNAL
ca_external_helper=${tmpdir}/ca-data

[renewal_reqs:NEED_TO_SAVE_DATA]
NEED_TO_SAVE_DATA
-START-
START_SAVING_DATA
SAVING_DATA
NEED_POST_SAVE_DATA
SAVED_DATA
NEED_TO_ANALYZE
-STOP-
id=Test CA
ca_is_default=0
ca_type=EXTERNAL
ca_external_helper=${tmpdir}/ca-data

[renewal_reqs:NEED_TO_ANALYZE]
NEED_TO_ANALYZE
-START-
IDLE
-STOP-
id=Test CA
ca_is_default=0
ca_type=EXTERNAL
ca_external_helper=${tmpdir}/ca-data

[renewal_reqs:DISABLED]
DISABLED
-START-
-STUCK- (4:0)
id=Test CA
ca_is_default=0
ca_type=EXTERNAL
ca_external_helper=${tmpdir}/ca-data

[renewal_reqs:NEED_TO_REFRESH]
NEED_TO_REFRESH
-START-
REFRESHING
NEED_TO_ANALYZE
-STOP-
id=Test CA
ca_is_default=0
ca_type=EXTERNAL
ca_external_helper=${tmpdir}/ca-data

[capabilities:IDLE]
IDLE
-START-
-STUCK- (4:0)
id=Test CA
ca_is_default=0
ca_type=EXTERNAL
ca_external_helper=${tmpdir}/ca-data

[capabilities:NEED_TO_REFRESH]
NEED_TO_REFRESH
-START-
REFRESHING
NEED_TO_ANALYZE
-STOP-
id=Test CA
ca_is_default=0
ca_type=EXTERNAL
ca_external_helper=${tmpdir}/ca-data
ca_capabilities=None

[capabilities:UNREACHABLE]
UNREACHABLE
-START-
NEED_TO_REFRESH
-STOP-
id=Test CA
ca_is_default=0
ca_type=EXTERNAL
ca_external_helper=${tmpdir}/ca-data

[capabilities:NEED_TO_SAVE_DATA]
NEED_TO_SAVE_DATA
-START-
START_SAVING_DATA
SAVING_DATA
NEED_POST_SAVE_DATA
SAVED_DATA
NEED_TO_ANALYZE
-STOP-
id=Test CA
ca_is_default=0
ca_type=EXTERNAL
ca_external_helper=${tmpdir}/ca-data

[capabilities:NEED_TO_ANALYZE]
NEED_TO_ANALYZE
-START-
IDLE
-STOP-
id=Test CA
ca_is_default=0
ca_type=EXTERNAL
ca_external_helper=${tmpdir}/ca-data

[capabilities:DISABLED]
DISABLED
-START-
-STUCK- (4:0)
id=Test CA
ca_is_default=0
ca_type=EXTERNAL
ca_external_helper=${tmpdir}/ca-data

[capabilities:NEED_TO_REFRESH]
NEED_TO_REFRESH
-START-
REFRESHING
NEED_TO_ANALYZE
-STOP-
id=Test CA
ca_is_default=0
ca_type=EXTERNAL
ca_external_helper=${tmpdir}/ca-data
ca_capabilities=None

[encryption_certs:IDLE]
IDLE
-START-
-STUCK- (4:0)
id=Test CA
ca_is_default=0
ca_type=EXTERNAL
ca_external_helper=${tmpdir}/ca-data

[encryption_certs:NEED_TO_REFRESH]
NEED_TO_REFRESH
-START-
REFRESHING
NEED_TO_ANALYZE
-STOP-
id=Test CA
ca_is_default=0
ca_type=EXTERNAL
ca_external_helper=${tmpdir}/ca-data
ca_encryption_cert=-----BEGIN CERTIFICATE-----
 MIIEDjCCAvagAwIBAgIOAQAAAAABPWT1Paf0wU4wDQYJKoZIhvcNAQEFBQAwRjEX
 MBUGA1UEChMOQ3liZXJ0cnVzdCBJbmMxKzApBgNVBAMTIkN5YmVydHJ1c3QgUHVi
 bGljIFN1cmVTZXJ2ZXIgU1YgQ0EwHhcNMTMwMzEzMTc0ODQ3WhcNMTQwMzEzMTc0
 ODQ3WjBuMQswCQYDVQQGEwJVUzEXMBUGA1UECBMOTk9SVEggQ0FST0xJTkExEDAO
 BgNVBAcTB1JhbGVpZ2gxEDAOBgNVBAoTB1JlZCBIYXQxCzAJBgNVBAsTAklUMRUw
 EwYDVQQDFAwqLnJlZGhhdC5jb20wggEiMA0GCSqGSIb3DQEBAQUAA4IBDwAwggEK
 AoIBAQC8NmWLQuAdaMTQ2Ae8AVPUKDEdCNtGBE4It5hb4xL9cHSzQeBaMDm9UR5X
 w5DLR93TQFL+Rc9mLbrBhIz9eacrs5qpUp4i5XhgnvEN7vBsUyFjZqQ+W5Zqs5Cv
 yMVv+rkRRa22hYPqFNM0R0lBPLltZO6+58VA53ttr87JOdPZsdomJtzruXz9ceLg
 ZnDULmIfZFhw7bz0Y9qAURSsULpIjLwWsGjOlNpPSTisCNwNWrmT4KerD8RnCXy+
 keWZPSw9RgMBbyYD6am0nj2/JPmkv390F6HYi6f/0OyefKqZEaPgwDmhEiW6K2Ps
 qodUKMcfBFJNgPs6ZuqOLnGILVyrAgMBAAGjgdEwgc4wHwYDVR0jBBgwFoAUBJhg
 34AblkldZVYtpSwJJArs3LkwPwYDVR0fBDgwNjA0oDKgMIYuaHR0cDovL2NybC5v
 bW5pcm9vdC5jb20vUHVibGljU3VyZVNlcnZlclNWLmNybDAdBgNVHQ4EFgQUC5p5
 rlungiFqeTNw0HOISTrudr8wCQYDVR0TBAIwADAOBgNVHQ8BAf8EBAMCBaAwHQYD
 VR0lBBYwFAYIKwYBBQUHAwEGCCsGAQUFBwMCMBEGCWCGSAGG+EIBAQQEAwIGwDAN
 BgkqhkiG9w0BAQUFAAOCAQEAJC1PfXXjM3Y2ifPlzauQgLHiizx3XeIB86AXJHL2
 N77UMfkSYmUJraWZX3Ye7icDbRwNHLIDJMfpjgcwnC+ZB+byyvmtjGjcTuqVZpXS
 2JU8kgGxNlEjCd4NsumpzollG1W1iDorBCt9bHp8b4isLD+jSnqbWKnvuEUle0ad
 Pi7xjf9BidMvYUEBpJsd9rA1LQtp/ZfxxA6RtgCeXjQPexjsvf6SLKyrmacHZcMJ
 b6JbhXMTzB7QZjR3IooqzXS8T/2zBxDUSH4fJ4o0KSkY8cjNCCxdnkXL96PC9KQ5
 kV1Ad3iHw/TnJjzrJJs3o92pRR/JtF0Jw6dszNP1Sn68uA==
 -----END CERTIFICATE-----

[encryption_certs:UNREACHABLE]
UNREACHABLE
-START-
NEED_TO_REFRESH
-STOP-
id=Test CA
ca_is_default=0
ca_type=EXTERNAL
ca_external_helper=${tmpdir}/ca-data

[encryption_certs:NEED_TO_SAVE_DATA]
NEED_TO_SAVE_DATA
-START-
START_SAVING_DATA
SAVING_DATA
NEED_POST_SAVE_DATA
SAVED_DATA
NEED_TO_ANALYZE
-STOP-
id=Test CA
ca_is_default=0
ca_type=EXTERNAL
ca_external_helper=${tmpdir}/ca-data

[encryption_certs:NEED_TO_ANALYZE]
NEED_TO_ANALYZE
-START-
ANALYZING
delay=15768000
NEED_TO_REFRESH
-STOP-
id=Test CA
ca_is_default=0
ca_type=EXTERNAL
ca_external_helper=${tmpdir}/ca-data

[encryption_certs:DISABLED]
DISABLED
-START-
-STUCK- (4:0)
id=Test CA
ca_is_default=0
ca_type=EXTERNAL
ca_external_helper=${tmpdir}/ca-data

[encryption_certs:NEED_TO_REFRESH]
NEED_TO_REFRESH
-START-
REFRESHING
NEED_TO_ANALYZE
-STOP-
id=Test CA
ca_is_default=0
ca_type=EXTERNAL
ca_external_helper=${tmpdir}/ca-data
ca_encryption_cert=-----BEGIN CERTIFICATE-----
 MIIEDjCCAvagAwIBAgIOAQAAAAABPWT1Paf0wU4wDQYJKoZIhvcNAQEFBQAwRjEX
 MBUGA1UEChMOQ3liZXJ0cnVzdCBJbmMxKzApBgNVBAMTIkN5YmVydHJ1c3QgUHVi
 bGljIFN1cmVTZXJ2ZXIgU1YgQ0EwHhcNMTMwMzEzMTc0ODQ3WhcNMTQwMzEzMTc0
 ODQ3WjBuMQswCQYDVQQGEwJVUzEXMBUGA1UECBMOTk9SVEggQ0FST0xJTkExEDAO
 BgNVBAcTB1JhbGVpZ2gxEDAOBgNVBAoTB1JlZCBIYXQxCzAJBgNVBAsTAklUMRUw
 EwYDVQQDFAwqLnJlZGhhdC5jb20wggEiMA0GCSqGSIb3DQEBAQUAA4IBDwAwggEK
 AoIBAQC8NmWLQuAdaMTQ2Ae8AVPUKDEdCNtGBE4It5hb4xL9cHSzQeBaMDm9UR5X
 w5DLR93TQFL+Rc9mLbrBhIz9eacrs5qpUp4i5XhgnvEN7vBsUyFjZqQ+W5Zqs5Cv
 yMVv+rkRRa22hYPqFNM0R0lBPLltZO6+58VA53ttr87JOdPZsdomJtzruXz9ceLg
 ZnDULmIfZFhw7bz0Y9qAURSsULpIjLwWsGjOlNpPSTisCNwNWrmT4KerD8RnCXy+
 keWZPSw9RgMBbyYD6am0nj2/JPmkv390F6HYi6f/0OyefKqZEaPgwDmhEiW6K2Ps
 qodUKMcfBFJNgPs6ZuqOLnGILVyrAgMBAAGjgdEwgc4wHwYDVR0jBBgwFoAUBJhg
 34AblkldZVYtpSwJJArs3LkwPwYDVR0fBDgwNjA0oDKgMIYuaHR0cDovL2NybC5v
 bW5pcm9vdC5jb20vUHVibGljU3VyZVNlcnZlclNWLmNybDAdBgNVHQ4EFgQUC5p5
 rlungiFqeTNw0HOISTrudr8wCQYDVR0TBAIwADAOBgNVHQ8BAf8EBAMCBaAwHQYD
 VR0lBBYwFAYIKwYBBQUHAwEGCCsGAQUFBwMCMBEGCWCGSAGG+EIBAQQEAwIGwDAN
 BgkqhkiG9w0BAQUFAAOCAQEAJC1PfXXjM3Y2ifPlzauQgLHiizx3XeIB86AXJHL2
 N77UMfkSYmUJraWZX3Ye7icDbRwNHLIDJMfpjgcwnC+ZB+byyvmtjGjcTuqVZpXS
 2JU8kgGxNlEjCd4NsumpzollG1W1iDorBCt9bHp8b4isLD+jSnqbWKnvuEUle0ad
 Pi7xjf9BidMvYUEBpJsd9rA1LQtp/ZfxxA6RtgCeXjQPexjsvf6SLKyrmacHZcMJ
 b6JbhXMTzB7QZjR3IooqzXS8T/2zBxDUSH4fJ4o0KSkY8cjNCCxdnkXL96PC9KQ5
 kV1Ad3iHw/TnJjzrJJs3o92pRR/JtF0Jw6dszNP1Sn68uA==
 -----END CERTIFICATE-----

Test complete.
