[Lifetime = 68y.]
NEED_KEY_PAIR
-START-
GENERATING_KEY_PAIR
HAVE_KEY_PAIR
NEED_KEYINFO
-STOP-
NEED_KEYINFO
-START-
READING_KEYINFO
HAVE_KEYINFO
NEED_CSR
GENERATING_CSR
-STOP-
GENERATING_CSR
-(RESET)-
HAVE_KEYINFO
-START-
NEED_CSR
GENERATING_CSR
HAVE_CSR
NEED_TO_SUBMIT
-STOP-
NEED_TO_SUBMIT
-(RESET)-
HAVE_CSR
-START-
NEED_TO_SUBMIT
SUBMITTING
NEED_TO_SAVE_CERT
-STOP-
NEED_TO_SAVE_CERT
-START-
START_SAVING_CERT
SAVING_CERT
SAVED_CERT
-STOP-
SAVED_CERT
-START-
NEED_TO_SAVE_CA_CERTS
START_SAVING_CA_CERTS
SAVING_CA_CERTS
NEED_TO_READ_CERT
-STOP-
NEED_TO_READ_CERT
-START-
READING_CERT
NEED_TO_NOTIFY_ISSUED_SAVED
-STOP-
NEED_TO_NOTIFY_ISSUED_SAVED
-START-
NOTIFYING_ISSUED_SAVED
MONITORING
-STOP-
MONITORING
-START-
NEED_CSR
-STOP-
[Lifetime = 1y.]
NEED_KEY_PAIR
-START-
GENERATING_KEY_PAIR
HAVE_KEY_PAIR
NEED_KEYINFO
-STOP-
NEED_KEYINFO
-START-
READING_KEYINFO
HAVE_KEYINFO
NEED_CSR
GENERATING_CSR
-STOP-
GENERATING_CSR
-(RESET)-
HAVE_KEYINFO
-START-
NEED_CSR
GENERATING_CSR
HAVE_CSR
NEED_TO_SUBMIT
-STOP-
NEED_TO_SUBMIT
-(RESET)-
HAVE_CSR
-START-
NEED_TO_SUBMIT
SUBMITTING
NEED_TO_SAVE_CERT
-STOP-
NEED_TO_SAVE_CERT
-START-
START_SAVING_CERT
SAVING_CERT
SAVED_CERT
-STOP-
SAVED_CERT
-START-
NEED_TO_SAVE_CA_CERTS
START_SAVING_CA_CERTS
SAVING_CA_CERTS
NEED_TO_READ_CERT
-STOP-
NEED_TO_READ_CERT
-START-
READING_CERT
NEED_TO_NOTIFY_ISSUED_SAVED
-STOP-
NEED_TO_NOTIFY_ISSUED_SAVED
-START-
NOTIFYING_ISSUED_SAVED
MONITORING
-STOP-
MONITORING
-START-
NEED_KEY_PAIR
-STOP-
[Uses = 2.]
NEED_KEY_PAIR
-START-
GENERATING_KEY_PAIR
HAVE_KEY_PAIR
NEED_KEYINFO
-STOP-
NEED_KEYINFO
-START-
READING_KEYINFO
HAVE_KEYINFO
NEED_CSR
GENERATING_CSR
-STOP-
GENERATING_CSR
-(RESET)-
HAVE_KEYINFO
-START-
NEED_CSR
GENERATING_CSR
HAVE_CSR
NEED_TO_SUBMIT
-STOP-
NEED_TO_SUBMIT
-(RESET)-
HAVE_CSR
-START-
NEED_TO_SUBMIT
SUBMITTING
NEED_TO_SAVE_CERT
-STOP-
NEED_TO_SAVE_CERT
-START-
START_SAVING_CERT
SAVING_CERT
SAVED_CERT
-STOP-
SAVED_CERT
-START-
NEED_TO_SAVE_CA_CERTS
START_SAVING_CA_CERTS
SAVING_CA_CERTS
NEED_TO_READ_CERT
-STOP-
NEED_TO_READ_CERT
-START-
READING_CERT
NEED_TO_NOTIFY_ISSUED_SAVED
-STOP-
NEED_TO_NOTIFY_ISSUED_SAVED
-START-
NOTIFYING_ISSUED_SAVED
MONITORING
-STOP-
MONITORING
-START-
NEED_CSR
-STOP-
[Uses = 1.]
NEED_KEY_PAIR
-START-
GENERATING_KEY_PAIR
HAVE_KEY_PAIR
NEED_KEYINFO
-STOP-
NEED_KEYINFO
-START-
READING_KEYINFO
HAVE_KEYINFO
NEED_CSR
GENERATING_CSR
-STOP-
GENERATING_CSR
-(RESET)-
HAVE_KEYINFO
-START-
NEED_CSR
GENERATING_CSR
HAVE_CSR
NEED_TO_SUBMIT
-STOP-
NEED_TO_SUBMIT
-(RESET)-
HAVE_CSR
-START-
NEED_TO_SUBMIT
SUBMITTING
NEED_TO_SAVE_CERT
-STOP-
NEED_TO_SAVE_CERT
-START-
START_SAVING_CERT
SAVING_CERT
SAVED_CERT
-STOP-
SAVED_CERT
-START-
NEED_TO_SAVE_CA_CERTS
START_SAVING_CA_CERTS
SAVING_CA_CERTS
NEED_TO_READ_CERT
-STOP-
NEED_TO_READ_CERT
-START-
READING_CERT
NEED_TO_NOTIFY_ISSUED_SAVED
-STOP-
NEED_TO_NOTIFY_ISSUED_SAVED
-START-
NOTIFYING_ISSUED_SAVED
MONITORING
-STOP-
MONITORING
-START-
NEED_KEY_PAIR
-STOP-
Test complete.
