cert_ca_path_length=-1
cert_email=babs@example.com
cert_is_ca=0
cert_issuer=CN=Babs Jensen
cert_issuer_der=3016311430120603550403130B42616273204A656E73656E
cert_no_ocsp_check=0
cert_not_after=20091211214654
cert_not_before=20091111214654
cert_principal=bjensen@EXAMPLE.COM
cert_serial=47
cert_spki=30820122300D06092A864886F70D01010105000382010F003082010A0282010100C7811D5C2E6A4C31A783AC3D3FA8A20873CABE52B322B294A27E40FE019D0CF1352993DCEFAE6ED46A82FFF545E923DF4679E90317DC3F5C8097DD4429924D0E892E9B9B817D4366D8321EAE239D4B6262C39BCD0F37F8E5E53BF91422D19525ADB7D3CFAB010E8592923C4B45B089781F6486666C88E0864A5F8FE5D33ED8D5B01C0A571AF7F7EF87AB4CC0FB563328F6447BE994D02F2CEF3874B731225D511C3A7C0B2F6E50A44543515C5D1CA1C17E754E9AC37D8EEF413B8F1BFB3208079AAD4928ABFA34ECF7E26A457D349EC3D75689E15CC1CEC4E8DCF693095770FCC087D7CDE5B5D31340DD86028BAE978994E271FB0557C678ECCAEAD32CAD09ED0203010001
cert_subject=CN=Babs Jensen
cert_subject_der=3016311430120603550403130B42616273204A656E73656E
cert_token=NSS Certificate DB
Test complete.
