OK.
OK (512).
OK.
OK (1024).
OK.
OK (1536).
OK.
OK (2048).
OK.
OK (3072).
OK.
OK (4096).
OK.
OK (512).
OK.
OK (1024).
OK.
OK (1536).
OK.
OK (2048).
OK.
OK (3072).
OK.
OK (4096).
Test complete.
