[Tests begin.]
1999-01-01 00:00:00 + "1s" = 1999-01-01 00:00:01
1999-01-01 00:00:00 + "30" = 1999-01-01 00:00:30
1999-01-01 00:00:00 + "1m" = 1999-01-01 00:01:00
1999-01-01 00:00:00 + "1h" = 1999-01-01 01:00:00
1999-01-01 00:00:00 + "24h" = 1999-01-02 00:00:00
1999-01-01 00:00:00 + "1d" = 1999-01-02 00:00:00
1999-01-01 00:00:00 + "2w" = 1999-01-15 00:00:00
1999-01-01 00:00:00 + "28d" = 1999-01-29 00:00:00
1999-01-01 00:00:00 + "1M" = 1999-02-01 00:00:00
1999-01-01 00:00:00 + "6M" = 1999-07-01 00:00:00
1999-01-01 00:00:00 + "1y" = 2000-01-01 00:00:00
1999-01-01 00:00:00 + "5y" = 2004-01-01 00:00:00
1999-01-01 00:00:00 + "3y 2M 3d" = 2002-03-04 00:00:00
2000-01-01 00:00:00 + "1s" = 2000-01-01 00:00:01
2000-01-01 00:00:00 + "1m" = 2000-01-01 00:01:00
2000-01-01 00:00:00 + "60m" = 2000-01-01 01:00:00
2000-01-01 00:00:00 + "24h" = 2000-01-02 00:00:00
2000-01-01 00:00:00 + "1d" = 2000-01-02 00:00:00
2000-01-01 00:00:00 + "2w" = 2000-01-15 00:00:00
2000-01-01 00:00:00 + "28d" = 2000-01-29 00:00:00
2000-01-01 00:00:00 + "1M" = 2000-02-01 00:00:00
2000-01-01 00:00:00 + "6M" = 2000-07-01 00:00:00
2000-01-01 00:00:00 + "1y" = 2001-01-01 00:00:00
2000-01-01 00:00:00 + "5y" = 2005-01-01 00:00:00
2000-01-01 00:00:00 + "3y 2M 3d" = 2003-03-04 00:00:00
2001-01-01 00:00:00 + "1s" = 2001-01-01 00:00:01
2001-01-01 00:00:00 + "1m" = 2001-01-01 00:01:00
2001-01-01 00:00:00 + "60m" = 2001-01-01 01:00:00
2001-01-01 00:00:00 + "1h" = 2001-01-01 01:00:00
2001-01-01 00:00:00 + "1d" = 2001-01-02 00:00:00
2001-01-01 00:00:00 + "2w" = 2001-01-15 00:00:00
2001-01-01 00:00:00 + "28d" = 2001-01-29 00:00:00
2001-01-01 00:00:00 + "1M" = 2001-02-01 00:00:00
2001-01-01 00:00:00 + "6M" = 2001-07-01 00:00:00
2001-01-01 00:00:00 + "1y" = 2002-01-01 00:00:00
2001-01-01 00:00:00 + "5y" = 2006-01-01 00:00:00
2001-01-01 00:00:00 + "3y 2M 3d" = 2004-03-04 00:00:00
2008-01-01 00:00:00 + "36h" = 2008-01-02 12:00:00
2008-01-01 00:00:00 + "48h" = 2008-01-03 00:00:00
2008-01-01 00:00:00 + "2w3600" = 2008-01-15 01:00:00
2008-01-01 00:00:00 + "336h" = 2008-01-15 00:00:00
2008-01-01 00:00:00 + "1080h" = 2008-02-15 00:00:00
2008-01-01 00:00:00 + "14M" = 2009-03-01 00:00:00
2008-01-01 00:00:00 + "1y14M" = 2010-03-01 00:00:00
[Test complete.]
