[start]
[keygen]
$owner:$group|0620|ee.key
[reset]
$owner:$group|0755|ee.key
[csrgen]
$owner:$group|0620|ee.key
[reset]
$owner:$group|0755|ee.key
[submit]
$owner:$group|0755|ee.key
[reset]
$owner:$group|0755|ee.key
[save]
$owner:$group|0662|ee.crt
$owner:$group|0620|ee.key
[rekey:start]
[rekey:keygen]
$owner:$group|0620|ee.key
[rekey:reset]
$owner:$group|0755|ee.key
[rekey:rekey]
$owner:$group|0755|ee.key
$owner:$group|0620|ee.key.MARKER.key
[rekey:reset]
$owner:$group|0755|ee.key
$owner:$group|0755|ee.key.MARKER.key
[rekey:csrgen]
$owner:$group|0755|ee.key
$owner:$group|0620|ee.key.MARKER.key
[rekey:reset]
$owner:$group|0755|ee.key
$owner:$group|0755|ee.key.MARKER.key
[rekey:submit]
$owner:$group|0755|ee.key
$owner:$group|0755|ee.key.MARKER.key
[rekey:reset]
$owner:$group|0755|ee.key
$owner:$group|0755|ee.key.MARKER.key
[rekey:save]
$owner:$group|0662|ee.crt
$owner:$group|0620|ee.key

[start]
[keygen]
$owner:$group|0600|cert8.db
$owner:$group|0620|key3.db
[reset]
$owner:$group|0755|cert8.db
$owner:$group|0755|key3.db
[csrgen]
$owner:$group|0755|cert8.db
$owner:$group|0620|key3.db
[reset]
$owner:$group|0755|cert8.db
$owner:$group|0755|key3.db
[submit]
$owner:$group|0755|cert8.db
$owner:$group|0755|key3.db
[reset]
$owner:$group|0755|cert8.db
$owner:$group|0755|key3.db
[save]
$owner:$group|0662|cert8.db
$owner:$group|0620|key3.db
[rekey:start]
[rekey:keygen]
$owner:$group|0600|cert8.db
$owner:$group|0620|key3.db
[rekey:reset]
$owner:$group|0755|cert8.db
$owner:$group|0755|key3.db
[rekey:keygen]
$owner:$group|0755|cert8.db
$owner:$group|0620|key3.db
[rekey:reset]
$owner:$group|0755|cert8.db
$owner:$group|0755|key3.db
[rekey:csrgen]
$owner:$group|0755|cert8.db
$owner:$group|0620|key3.db
[rekey:reset]
$owner:$group|0755|cert8.db
$owner:$group|0755|key3.db
[rekey:submit]
$owner:$group|0755|cert8.db
$owner:$group|0755|key3.db
[rekey:reset]
$owner:$group|0755|cert8.db
$owner:$group|0755|key3.db
[rekey:save]
$owner:$group|0662|cert8.db
$owner:$group|0620|key3.db
OK
