[utf8]
[good.1]
{"Image":{"Width":800,"Height":600,"Title":"View from 15th Floor","Thumbnail":{"Url":"http://www.example.com/image/481989943","Height":125,"Width":100},"Animated":false,"IDs":[116,943,234,38793]}}
[good.10]
{"k1":"s1","k2":"s2"}
[good.11]
{"k1":["s1","s2","s3"],"k2":"s3"}
[good.12]
{"k1":{"k2":"s1","k3":"s2","k4":"s3"},"k5":"s4"}
[good.13]
["v1","v2",["v3","v4",["v 5"," v 7 "]],-123456789,null,true,false,123456789,""]
[good.14]
"\\abc\"\nde\b\r/\ff\tghi\u0001\u001F"
[good.15]
":\uD801\uDC1F:have a drink"
[good.16]
"-----BEGIN CERTIFICATE-----\nMIIDjjCCAnagAwIBAgIRALuVK2FuXklPuMP4qtRyQjUwDQYJKoZIhvcNAQELBQAw\nUDEgMB4GA1UEAwwXTG9jYWwgU2lnbmluZyBBdXRob3JpdHkxLDAqBgNVBAMMI2Ji\nOTUyYjYxLTZlNWU0OTRmLWI4YzNmOGFhLWQ0NzI0MjM1MB4XDTE1MDQyODE3NTEx\nOFoXDTE2MDQyODE3NTExOFowUDEgMB4GA1UEAwwXTG9jYWwgU2lnbmluZyBBdXRo\nb3JpdHkxLDAqBgNVBAMMI2JiOTUyYjYxLTZlNWU0OTRmLWI4YzNmOGFhLWQ0NzI0\nMjM1MIIBIjANBgkqhkiG9w0BAQEFAAOCAQ8AMIIBCgKCAQEAzhejaX5gRYuQLRFm\n8Tq97akBa/asJPlxUrh1Vh+lKeXH+yqlPnkWoHaURn0UKj8Q26yTh3ENrqESoUrW\nJM8iR1tN4e7t1M3GGvscQOoVq7zdQ1CrGbwvd+Pdz0QTHzIEwzts2hfh6T65a0HG\nphGpS6EAxS5G8Sz8ppbqxgfynqLAYes2tBHvio0KFYpejbVzbxibE2NtMDULyF2p\nNn18Vv8aoD1I9TbSmAKsp5ToUwc4P2xKCaZ0nzlVGZaH2UXdblKc1Y8wNRs+fQ0G\nPBzjDSLYCkU52jDSFf6+lNBybHJkDDntOlRje0B0Yb+AfDO7Yl/G4h5Yth9F17mB\n68R/0wIDAQABo2MwYTAPBgNVHRMBAf8EBTADAQEBMB0GA1UdDgQWBBQ7Udp0Ln9Z\nTac97VONJO6RYcZ4jTAfBgNVHSMEGDAWgBQ7Udp0Ln9ZTac97VONJO6RYcZ4jTAO\nBgNVHQ8BAf8EBAMCAYYwDQYJKoZIhvcNAQELBQADggEBAMHg38+LFUh86abJXZ5P\nrZE4i7Jn6mT+fIboQgZsrxn0vLXOGFBNSNhmNBp3scDY/+CzO+lE27jfGphFtJ2z\nR/vocPjS34BbNWkEBkCPv4lUYNL2yyPWM1SeOi7f/znyi7CbaAfvMz82mS8KAXep\nYsd+GvmZCMcClOXjyoSYV+3757o1n7OvOQIBnbymH+DjLE/Dcg09oahUBtV/NS0D\neGXlp39JJu6MxuAeooHDdsOPTaociNDMbJiXTC1RGqjhSXyaneZp3B01SQgMD/8N\n8nOg4kHgV181Zg4imvWK4qnaoHZeTcTgkd8MNjXeAq/OSppGQw5W5vuZ1dOTSUPR\n44A=\n-----END CERTIFICATE-----"
[good.17]
"-----BEGIN CERTIFICATE-----\nMIIDjjCCAnagAwIBAgIRALuVK2FuXklPuMP4qtRyQjUwDQYJKoZIhvcNAQELBQAw\nUDEgMB4GA1UEAwwXTG9jYWwgU2lnbmluZyBBdXRob3JpdHkxLDAqBgNVBAMMI2Ji\nOTUyYjYxLTZlNWU0OTRmLWI4YzNmOGFhLWQ0NzI0MjM1MB4XDTE1MDQyODE3NTEx\nOFoXDTE2MDQyODE3NTExOFowUDEgMB4GA1UEAwwXTG9jYWwgU2lnbmluZyBBdXRo\nb3JpdHkxLDAqBgNVBAMMI2JiOTUyYjYxLTZlNWU0OTRmLWI4YzNmOGFhLWQ0NzI0\nMjM1MIIBIjANBgkqhkiG9w0BAQEFAAOCAQ8AMIIBCgKCAQEAzhejaX5gRYuQLRFm\n8Tq97akBa/asJPlxUrh1Vh+lKeXH+yqlPnkWoHaURn0UKj8Q26yTh3ENrqESoUrW\nJM8iR1tN4e7t1M3GGvscQOoVq7zdQ1CrGbwvd+Pdz0QTHzIEwzts2hfh6T65a0HG\nphGpS6EAxS5G8Sz8ppbqxgfynqLAYes2tBHvio0KFYpejbVzbxibE2NtMDULyF2p\nNn18Vv8aoD1I9TbSmAKsp5ToUwc4P2xKCaZ0nzlVGZaH2UXdblKc1Y8wNRs+fQ0G\nPBzjDSLYCkU52jDSFf6+lNBybHJkDDntOlRje0B0Yb+AfDO7Yl/G4h5Yth9F17mB\n68R/0wIDAQABo2MwYTAPBgNVHRMBAf8EBTADAQEBMB0GA1UdDgQWBBQ7Udp0Ln9Z\nTac97VONJO6RYcZ4jTAfBgNVHSMEGDAWgBQ7Udp0Ln9ZTac97VONJO6RYcZ4jTAO\nBgNVHQ8BAf8EBAMCAYYwDQYJKoZIhvcNAQELBQADggEBAMHg38+LFUh86abJXZ5P\nrZE4i7Jn6mT+fIboQgZsrxn0vLXOGFBNSNhmNBp3scDY/+CzO+lE27jfGphFtJ2z\nR/vocPjS34BbNWkEBkCPv4lUYNL2yyPWM1SeOi7f/znyi7CbaAfvMz82mS8KAXep\nYsd+GvmZCMcClOXjyoSYV+3757o1n7OvOQIBnbymH+DjLE/Dcg09oahUBtV/NS0D\neGXlp39JJu6MxuAeooHDdsOPTaociNDMbJiXTC1RGqjhSXyaneZp3B01SQgMD/8N\n8nOg4kHgV181Zg4imvWK4qnaoHZeTcTgkd8MNjXeAq/OSppGQw5W5vuZ1dOTSUPR\n44A=\n-----END CERTIFICATE-----\n"
[good.18]
{"glossary":{"title":"example glossary","GlossDiv":{"title":"S","GlossList":{"GlossEntry":{"ID":"SGML","SortAs":"SGML","GlossTerm":"Standard Generalized Markup Language","Acronym":"SGML","Abbrev":"ISO 8879:1986","GlossDef":{"para":"A meta-markup language, used to create markup languages such as DocBook.","GlossSeeAlso":["GML","XML"]},"GlossSee":"markup"}}}}}
[good.19]
{"menu":{"id":"file","value":"File","popup":{"menuitem":[{"value":"New","onclick":"CreateNewDoc()"},{"value":"Open","onclick":"OpenDoc()"},{"value":"Close","onclick":"CloseDoc()"}]}}}
[good.2]
[{"precision":"zip","Latitude":37.766800,"Longitude":-122.395900,"Address":"","City":"SAN FRANCISCO","State":"CA","Zip":"94107","Country":"US"},{"precision":"zip","Latitude":37.371991,"Longitude":-122.026020,"Address":"","City":"SUNNYVALE","State":"CA","Zip":"94085","Country":"US"}]
[good.20]
{"widget":{"debug":"on","window":{"title":"Sample Konfabulator Widget","name":"main_window","width":500,"height":500},"image":{"src":"Images/Sun.png","name":"sun1","hOffset":250,"vOffset":250,"alignment":"center"},"text":{"data":"Click Here","size":36,"style":"bold","name":"text1","hOffset":250,"vOffset":100,"alignment":"center","onMouseUp":"sun1.opacity = (sun1.opacity / 100) * 90;"}}}
[good.21]
{"web-app":{"servlet":[{"servlet-name":"cofaxCDS","servlet-class":"org.cofax.cds.CDSServlet","init-param":{"configGlossary:installationAt":"Philadelphia, PA","configGlossary:adminEmail":"ksm@pobox.com","configGlossary:poweredBy":"Cofax","configGlossary:poweredByIcon":"/images/cofax.gif","configGlossary:staticPath":"/content/static","templateProcessorClass":"org.cofax.WysiwygTemplate","templateLoaderClass":"org.cofax.FilesTemplateLoader","templatePath":"templates","templateOverridePath":"","defaultListTemplate":"listTemplate.htm","defaultFileTemplate":"articleTemplate.htm","useJSP":false,"jspListTemplate":"listTemplate.jsp","jspFileTemplate":"articleTemplate.jsp","cachePackageTagsTrack":200,"cachePackageTagsStore":200,"cachePackageTagsRefresh":60,"cacheTemplatesTrack":100,"cacheTemplatesStore":50,"cacheTemplatesRefresh":15,"cachePagesTrack":200,"cachePagesStore":100,"cachePagesRefresh":10,"cachePagesDirtyRead":10,"searchEngineListTemplate":"forSearchEnginesList.htm","searchEngineFileTemplate":"forSearchEngines.htm","searchEngineRobotsDb":"WEB-INF/robots.db","useDataStore":true,"dataStoreClass":"org.cofax.SqlDataStore","redirectionClass":"org.cofax.SqlRedirection","dataStoreName":"cofax","dataStoreDriver":"com.microsoft.jdbc.sqlserver.SQLServerDriver","dataStoreUrl":"jdbc:microsoft:sqlserver://LOCALHOST:1433;DatabaseName=goon","dataStoreUser":"sa","dataStorePassword":"dataStoreTestQuery","dataStoreTestQuery":"SET NOCOUNT ON;select test='test';","dataStoreLogFile":"/usr/local/tomcat/logs/datastore.log","dataStoreInitConns":10,"dataStoreMaxConns":100,"dataStoreConnUsageLimit":100,"dataStoreLogLevel":"debug","maxUrlLength":500}},{"servlet-name":"cofaxEmail","servlet-class":"org.cofax.cds.EmailServlet","init-param":{"mailHost":"mail1","mailHostOverride":"mail2"}},{"servlet-name":"cofaxAdmin","servlet-class":"org.cofax.cds.AdminServlet"},{"servlet-name":"fileServlet","servlet-class":"org.cofax.cds.FileServlet"},{"servlet-name":"cofaxTools","servlet-class":"org.cofax.cms.CofaxToolsServlet","init-param":{"templatePath":"toolstemplates/","log":1,"logLocation":"/usr/local/tomcat/logs/CofaxTools.log","logMaxSize":"","dataLog":1,"dataLogLocation":"/usr/local/tomcat/logs/dataLog.log","dataLogMaxSize":"","removePageCache":"/content/admin/remove?cache=pages&id=","removeTemplateCache":"/content/admin/remove?cache=templates&id=","fileTransferFolder":"/usr/local/tomcat/webapps/content/fileTransferFolder","lookInContext":1,"adminGroupID":4,"betaServer":true}}],"servlet-mapping":{"cofaxCDS":"/","cofaxEmail":"/cofaxutil/aemail/*","cofaxAdmin":"/admin/*","fileServlet":"/static/*","cofaxTools":"/tools/*"},"taglib":{"taglib-uri":"cofax.tld","taglib-location":"/WEB-INF/tlds/cofax.tld"}}}
[good.22]
{"menu":{"header":"SVG Viewer","items":[{"id":"Open"},{"id":"OpenNew","label":"Open New"},null,{"id":"ZoomIn","label":"Zoom In"},{"id":"ZoomOut","label":"Zoom Out"},{"id":"OriginalView","label":"Original View"},null,{"id":"Quality"},{"id":"Pause"},{"id":"Mute"},null,{"id":"Find","label":"Find..."},{"id":"FindAgain","label":"Find Again"},{"id":"Copy"},{"id":"CopyAgain","label":"Copy Again"},{"id":"CopySVG","label":"Copy SVG"},{"id":"ViewSVG","label":"View SVG"},{"id":"ViewSource","label":"View Source"},{"id":"SaveAs","label":"Save As"},null,{"id":"Help"},{"id":"About","label":"About Adobe CVG Viewer..."}]}}
[good.2a]
{"precision":"zip","Latitude":37.766800,"Longitude":-122.395900,"Address":"","City":"SAN FRANCISCO","State":"CA","Zip":"94107","Country":"US"}
[good.2b]
{"precision":"zip","Latitude":37.371991,"Longitude":-122.026020,"Address":"","City":"SUNNYVALE","State":"CA","Zip":"94085","Country":"US"}
[good.2c]
[{"precision":"zip","Latitude":37.766800,"Longitude":-122.395900,"Address":"","City":"SAN FRANCISCO","State":"CA","Zip":"94107","Country":"US"}]
[good.3]
"Hello world!"
[good.4]
42
[good.5]
true
[good.6]
[]
[good.7]
{}
[good.8]
[{}]
[good.9]
-1
got expected error with bad.1
got expected error with bad.15
got expected error with bad.1a
got expected error with bad.1b
got expected error with bad.1c
got expected error with bad.1d
got expected error with bad.1e
got expected error with bad.2
got expected error with bad.3
got expected error with bad.4
got expected error with bad.5
got expected error with bad.6
got expected error with bad.8
got expected error with bad.9
OK
