[NEWLY_ADDED]
NEWLY_ADDED
-START-
NEWLY_ADDED_START_READING_KEYINFO
NEWLY_ADDED_READING_KEYINFO
NEWLY_ADDED_START_READING_CERT
NEWLY_ADDED_READING_CERT
NEWLY_ADDED_DECIDING
NEED_CSR
GENERATING_CSR
HAVE_CSR
NEED_TO_SUBMIT
SUBMITTING
NEED_TO_SAVE_CERT
PRE_SAVE_CERT
START_SAVING_CERT
SAVING_CERT
NEED_TO_READ_CERT
READING_CERT
SAVED_CERT
POST_SAVED_CERT
NEED_TO_SAVE_CA_CERTS
START_SAVING_CA_CERTS
SAVING_CA_CERTS
NEED_TO_NOTIFY_ISSUED_SAVED
NOTIFYING_ISSUED_SAVED
MONITORING
-STOP-

[CA_REJECTED]
CA_REJECTED
-START-
CA_REJECTED
-STUCK- (4:0)

[CA_UNCONFIGURED]
CA_UNCONFIGURED
-(RESET)-
HAVE_CSR
-START-
NEED_TO_SUBMIT
SUBMITTING
NEED_TO_SAVE_CERT
PRE_SAVE_CERT
START_SAVING_CERT
SAVING_CERT
NEED_TO_READ_CERT
READING_CERT
SAVED_CERT
POST_SAVED_CERT
NEED_TO_SAVE_CA_CERTS
START_SAVING_CA_CERTS
SAVING_CA_CERTS
NEED_TO_NOTIFY_ISSUED_SAVED
NOTIFYING_ISSUED_SAVED
MONITORING
-STOP-

[CA_UNREACHABLE]
CA_UNREACHABLE
-(RESET)-
HAVE_CSR
-START-
NEED_TO_SUBMIT
SUBMITTING
NEED_TO_SAVE_CERT
PRE_SAVE_CERT
START_SAVING_CERT
SAVING_CERT
NEED_TO_READ_CERT
READING_CERT
SAVED_CERT
POST_SAVED_CERT
NEED_TO_SAVE_CA_CERTS
START_SAVING_CA_CERTS
SAVING_CA_CERTS
NEED_TO_NOTIFY_ISSUED_SAVED
NOTIFYING_ISSUED_SAVED
MONITORING
-STOP-

[CA_WORKING]
CA_WORKING
-(RESET)-
HAVE_CSR
-START-
NEED_TO_SUBMIT
SUBMITTING
NEED_TO_SAVE_CERT
PRE_SAVE_CERT
START_SAVING_CERT
SAVING_CERT
NEED_TO_READ_CERT
READING_CERT
SAVED_CERT
POST_SAVED_CERT
NEED_TO_SAVE_CA_CERTS
START_SAVING_CA_CERTS
SAVING_CA_CERTS
NEED_TO_NOTIFY_ISSUED_SAVED
NOTIFYING_ISSUED_SAVED
MONITORING
-STOP-

[GENERATING_CSR]
GENERATING_CSR
-(RESET)-
HAVE_KEYINFO
-START-
NEED_CSR
GENERATING_CSR
HAVE_CSR
NEED_TO_SUBMIT
SUBMITTING
NEED_TO_SAVE_CERT
PRE_SAVE_CERT
START_SAVING_CERT
SAVING_CERT
NEED_TO_READ_CERT
READING_CERT
SAVED_CERT
POST_SAVED_CERT
NEED_TO_SAVE_CA_CERTS
START_SAVING_CA_CERTS
SAVING_CA_CERTS
NEED_TO_NOTIFY_ISSUED_SAVED
NOTIFYING_ISSUED_SAVED
MONITORING
-STOP-

[GENERATING_KEY_PAIR]
GENERATING_KEY_PAIR
-(RESET)-
NEED_KEY_PAIR
-START-
GENERATING_KEY_PAIR
HAVE_KEY_PAIR
NEED_KEYINFO
READING_KEYINFO
HAVE_KEYINFO
NEED_CSR
GENERATING_CSR
HAVE_CSR
NEED_TO_SUBMIT
SUBMITTING
NEED_TO_SAVE_CERT
PRE_SAVE_CERT
START_SAVING_CERT
SAVING_CERT
NEED_TO_READ_CERT
READING_CERT
SAVED_CERT
POST_SAVED_CERT
NEED_TO_SAVE_CA_CERTS
START_SAVING_CA_CERTS
SAVING_CA_CERTS
NEED_TO_NOTIFY_ISSUED_SAVED
NOTIFYING_ISSUED_SAVED
MONITORING
-STOP-

[HAVE_CSR]
HAVE_CSR
-START-
NEED_TO_SUBMIT
SUBMITTING
NEED_TO_SAVE_CERT
PRE_SAVE_CERT
START_SAVING_CERT
SAVING_CERT
NEED_TO_READ_CERT
READING_CERT
SAVED_CERT
POST_SAVED_CERT
NEED_TO_SAVE_CA_CERTS
START_SAVING_CA_CERTS
SAVING_CA_CERTS
NEED_TO_NOTIFY_ISSUED_SAVED
NOTIFYING_ISSUED_SAVED
MONITORING
-STOP-

[HAVE_KEYINFO]
HAVE_KEYINFO
-START-
NEED_CSR
GENERATING_CSR
HAVE_CSR
NEED_TO_SUBMIT
SUBMITTING
NEED_TO_SAVE_CERT
PRE_SAVE_CERT
START_SAVING_CERT
SAVING_CERT
NEED_TO_READ_CERT
READING_CERT
SAVED_CERT
POST_SAVED_CERT
NEED_TO_SAVE_CA_CERTS
START_SAVING_CA_CERTS
SAVING_CA_CERTS
NEED_TO_NOTIFY_ISSUED_SAVED
NOTIFYING_ISSUED_SAVED
MONITORING
-STOP-

[HAVE_KEY_PAIR]
HAVE_KEY_PAIR
-START-
NEED_KEYINFO
READING_KEYINFO
HAVE_KEYINFO
NEED_CSR
GENERATING_CSR
HAVE_CSR
NEED_TO_SUBMIT
SUBMITTING
NEED_TO_SAVE_CERT
PRE_SAVE_CERT
START_SAVING_CERT
SAVING_CERT
NEED_TO_READ_CERT
READING_CERT
SAVED_CERT
POST_SAVED_CERT
NEED_TO_SAVE_CA_CERTS
START_SAVING_CA_CERTS
SAVING_CA_CERTS
NEED_TO_NOTIFY_ISSUED_SAVED
NOTIFYING_ISSUED_SAVED
MONITORING
-STOP-

[MONITORING]
MONITORING
-START-
delay=86400
MONITORING
-STOP-

[NEED_CA]
NEED_CA
-(RESET)-
HAVE_CSR
-START-
NEED_TO_SUBMIT
SUBMITTING
NEED_TO_SAVE_CERT
PRE_SAVE_CERT
START_SAVING_CERT
SAVING_CERT
NEED_TO_READ_CERT
READING_CERT
SAVED_CERT
POST_SAVED_CERT
NEED_TO_SAVE_CA_CERTS
START_SAVING_CA_CERTS
SAVING_CA_CERTS
NEED_TO_NOTIFY_ISSUED_SAVED
NOTIFYING_ISSUED_SAVED
MONITORING
-STOP-

[NEED_CSR]
NEED_CSR
-(RESET)-
HAVE_KEYINFO
-START-
NEED_CSR
GENERATING_CSR
HAVE_CSR
NEED_TO_SUBMIT
SUBMITTING
NEED_TO_SAVE_CERT
PRE_SAVE_CERT
START_SAVING_CERT
SAVING_CERT
NEED_TO_READ_CERT
READING_CERT
SAVED_CERT
POST_SAVED_CERT
NEED_TO_SAVE_CA_CERTS
START_SAVING_CA_CERTS
SAVING_CA_CERTS
NEED_TO_NOTIFY_ISSUED_SAVED
NOTIFYING_ISSUED_SAVED
MONITORING
-STOP-

[NEED_CSR_GEN_PIN]
NEED_CSR_GEN_PIN
-(RESET)-
HAVE_KEYINFO
-START-
NEED_CSR
GENERATING_CSR
HAVE_CSR
NEED_TO_SUBMIT
SUBMITTING
NEED_TO_SAVE_CERT
PRE_SAVE_CERT
START_SAVING_CERT
SAVING_CERT
NEED_TO_READ_CERT
READING_CERT
SAVED_CERT
POST_SAVED_CERT
NEED_TO_SAVE_CA_CERTS
START_SAVING_CA_CERTS
SAVING_CA_CERTS
NEED_TO_NOTIFY_ISSUED_SAVED
NOTIFYING_ISSUED_SAVED
MONITORING
-STOP-

[NEED_CSR_GEN_TOKEN]
NEED_CSR_GEN_TOKEN
-(RESET)-
HAVE_KEYINFO
-START-
NEED_CSR
GENERATING_CSR
HAVE_CSR
NEED_TO_SUBMIT
SUBMITTING
NEED_TO_SAVE_CERT
PRE_SAVE_CERT
START_SAVING_CERT
SAVING_CERT
NEED_TO_READ_CERT
READING_CERT
SAVED_CERT
POST_SAVED_CERT
NEED_TO_SAVE_CA_CERTS
START_SAVING_CA_CERTS
SAVING_CA_CERTS
NEED_TO_NOTIFY_ISSUED_SAVED
NOTIFYING_ISSUED_SAVED
MONITORING
-STOP-

[NEED_GUIDANCE]
NEED_GUIDANCE
-START-
NEED_GUIDANCE
-STUCK- (4:0)

[NEED_KEY_GEN_PERMS]
NEED_KEY_GEN_PERMS
-(RESET)-
NEED_KEY_PAIR
-START-
GENERATING_KEY_PAIR
HAVE_KEY_PAIR
NEED_KEYINFO
READING_KEYINFO
HAVE_KEYINFO
NEED_CSR
GENERATING_CSR
HAVE_CSR
NEED_TO_SUBMIT
SUBMITTING
NEED_TO_SAVE_CERT
PRE_SAVE_CERT
START_SAVING_CERT
SAVING_CERT
NEED_TO_READ_CERT
READING_CERT
SAVED_CERT
POST_SAVED_CERT
NEED_TO_SAVE_CA_CERTS
START_SAVING_CA_CERTS
SAVING_CA_CERTS
NEED_TO_NOTIFY_ISSUED_SAVED
NOTIFYING_ISSUED_SAVED
MONITORING
-STOP-

[NEED_KEY_GEN_PIN]
NEED_KEY_GEN_PIN
-(RESET)-
NEED_KEY_PAIR
-START-
GENERATING_KEY_PAIR
HAVE_KEY_PAIR
NEED_KEYINFO
READING_KEYINFO
HAVE_KEYINFO
NEED_CSR
GENERATING_CSR
HAVE_CSR
NEED_TO_SUBMIT
SUBMITTING
NEED_TO_SAVE_CERT
PRE_SAVE_CERT
START_SAVING_CERT
SAVING_CERT
NEED_TO_READ_CERT
READING_CERT
SAVED_CERT
POST_SAVED_CERT
NEED_TO_SAVE_CA_CERTS
START_SAVING_CA_CERTS
SAVING_CA_CERTS
NEED_TO_NOTIFY_ISSUED_SAVED
NOTIFYING_ISSUED_SAVED
MONITORING
-STOP-

[NEED_KEY_GEN_TOKEN]
NEED_KEY_GEN_TOKEN
-(RESET)-
NEED_KEY_PAIR
-START-
GENERATING_KEY_PAIR
HAVE_KEY_PAIR
NEED_KEYINFO
READING_KEYINFO
HAVE_KEYINFO
NEED_CSR
GENERATING_CSR
HAVE_CSR
NEED_TO_SUBMIT
SUBMITTING
NEED_TO_SAVE_CERT
PRE_SAVE_CERT
START_SAVING_CERT
SAVING_CERT
NEED_TO_READ_CERT
READING_CERT
SAVED_CERT
POST_SAVED_CERT
NEED_TO_SAVE_CA_CERTS
START_SAVING_CA_CERTS
SAVING_CA_CERTS
NEED_TO_NOTIFY_ISSUED_SAVED
NOTIFYING_ISSUED_SAVED
MONITORING
-STOP-

[NEED_KEYINFO]
NEED_KEYINFO
-START-
READING_KEYINFO
HAVE_KEYINFO
NEED_CSR
GENERATING_CSR
HAVE_CSR
NEED_TO_SUBMIT
SUBMITTING
NEED_TO_SAVE_CERT
PRE_SAVE_CERT
START_SAVING_CERT
SAVING_CERT
NEED_TO_READ_CERT
READING_CERT
SAVED_CERT
POST_SAVED_CERT
NEED_TO_SAVE_CA_CERTS
START_SAVING_CA_CERTS
SAVING_CA_CERTS
NEED_TO_NOTIFY_ISSUED_SAVED
NOTIFYING_ISSUED_SAVED
MONITORING
-STOP-

[NEED_KEYINFO_READ_PIN]
NEED_KEYINFO_READ_PIN
-(RESET)-
NEED_KEYINFO
-START-
READING_KEYINFO
HAVE_KEYINFO
NEED_CSR
GENERATING_CSR
HAVE_CSR
NEED_TO_SUBMIT
SUBMITTING
NEED_TO_SAVE_CERT
PRE_SAVE_CERT
START_SAVING_CERT
SAVING_CERT
NEED_TO_READ_CERT
READING_CERT
SAVED_CERT
POST_SAVED_CERT
NEED_TO_SAVE_CA_CERTS
START_SAVING_CA_CERTS
SAVING_CA_CERTS
NEED_TO_NOTIFY_ISSUED_SAVED
NOTIFYING_ISSUED_SAVED
MONITORING
-STOP-

[NEED_KEYINFO_READ_TOKEN]
NEED_KEYINFO_READ_TOKEN
-(RESET)-
NEED_KEYINFO
-START-
READING_KEYINFO
HAVE_KEYINFO
NEED_CSR
GENERATING_CSR
HAVE_CSR
NEED_TO_SUBMIT
SUBMITTING
NEED_TO_SAVE_CERT
PRE_SAVE_CERT
START_SAVING_CERT
SAVING_CERT
NEED_TO_READ_CERT
READING_CERT
SAVED_CERT
POST_SAVED_CERT
NEED_TO_SAVE_CA_CERTS
START_SAVING_CA_CERTS
SAVING_CA_CERTS
NEED_TO_NOTIFY_ISSUED_SAVED
NOTIFYING_ISSUED_SAVED
MONITORING
-STOP-

[NEED_KEY_PAIR]
NEED_KEY_PAIR
-START-
GENERATING_KEY_PAIR
HAVE_KEY_PAIR
NEED_KEYINFO
READING_KEYINFO
HAVE_KEYINFO
NEED_CSR
GENERATING_CSR
HAVE_CSR
NEED_TO_SUBMIT
SUBMITTING
NEED_TO_SAVE_CERT
PRE_SAVE_CERT
START_SAVING_CERT
SAVING_CERT
NEED_TO_READ_CERT
READING_CERT
SAVED_CERT
POST_SAVED_CERT
NEED_TO_SAVE_CA_CERTS
START_SAVING_CA_CERTS
SAVING_CA_CERTS
NEED_TO_NOTIFY_ISSUED_SAVED
NOTIFYING_ISSUED_SAVED
MONITORING
-STOP-

[NEED_TO_NOTIFY_ISSUED_FAILED]
NEED_TO_NOTIFY_ISSUED_FAILED
-START-
NOTIFYING_ISSUED_FAILED
NEED_TO_SAVE_CERT
PRE_SAVE_CERT
START_SAVING_CERT
SAVING_CERT
NEED_TO_READ_CERT
READING_CERT
SAVED_CERT
POST_SAVED_CERT
NEED_TO_SAVE_CA_CERTS
START_SAVING_CA_CERTS
SAVING_CA_CERTS
NEED_TO_NOTIFY_ISSUED_SAVED
NOTIFYING_ISSUED_SAVED
MONITORING
-STOP-

[NEED_TO_NOTIFY_ISSUED_SAVED]
NEED_TO_NOTIFY_ISSUED_SAVED
-START-
NOTIFYING_ISSUED_SAVED
MONITORING
-STOP-

[NEED_TO_NOTIFY_REJECTION]
NEED_TO_NOTIFY_REJECTION
-START-
NOTIFYING_REJECTION
CA_REJECTED
-STUCK- (4:0)

[NEED_TO_NOTIFY_VALIDITY]
NEED_TO_NOTIFY_VALIDITY
-(RESET)-
MONITORING
-START-
delay=86400
MONITORING
-STOP-

[NEED_TO_READ_CERT]
NEED_TO_READ_CERT
-START-
READING_CERT
SAVED_CERT
POST_SAVED_CERT
NEED_TO_SAVE_CA_CERTS
START_SAVING_CA_CERTS
SAVING_CA_CERTS
NEED_TO_NOTIFY_ISSUED_SAVED
NOTIFYING_ISSUED_SAVED
MONITORING
-STOP-

[NEED_TO_SAVE_CA_CERTS]
NEED_TO_SAVE_CA_CERTS
-START-
START_SAVING_CA_CERTS
SAVING_CA_CERTS
NEED_TO_NOTIFY_ISSUED_SAVED
NOTIFYING_ISSUED_SAVED
MONITORING
-STOP-

[NEED_TO_SAVE_CERT]
NEED_TO_SAVE_CERT
-START-
PRE_SAVE_CERT
START_SAVING_CERT
SAVING_CERT
NEED_TO_READ_CERT
READING_CERT
SAVED_CERT
POST_SAVED_CERT
NEED_TO_SAVE_CA_CERTS
START_SAVING_CA_CERTS
SAVING_CA_CERTS
NEED_TO_NOTIFY_ISSUED_SAVED
NOTIFYING_ISSUED_SAVED
MONITORING
-STOP-

[NEED_TO_SUBMIT]
NEED_TO_SUBMIT
-(RESET)-
HAVE_CSR
-START-
NEED_TO_SUBMIT
SUBMITTING
NEED_TO_SAVE_CERT
PRE_SAVE_CERT
START_SAVING_CERT
SAVING_CERT
NEED_TO_READ_CERT
READING_CERT
SAVED_CERT
POST_SAVED_CERT
NEED_TO_SAVE_CA_CERTS
START_SAVING_CA_CERTS
SAVING_CA_CERTS
NEED_TO_NOTIFY_ISSUED_SAVED
NOTIFYING_ISSUED_SAVED
MONITORING
-STOP-

[NEWLY_ADDED]
NEWLY_ADDED
-START-
NEWLY_ADDED_START_READING_KEYINFO
NEWLY_ADDED_READING_KEYINFO
NEWLY_ADDED_START_READING_CERT
NEWLY_ADDED_READING_CERT
NEWLY_ADDED_DECIDING
MONITORING
-STOP-

[NEWLY_ADDED_DECIDING]
NEWLY_ADDED_DECIDING
-(RESET)-
NEWLY_ADDED
-START-
NEWLY_ADDED_START_READING_KEYINFO
NEWLY_ADDED_READING_KEYINFO
NEWLY_ADDED_START_READING_CERT
NEWLY_ADDED_READING_CERT
NEWLY_ADDED_DECIDING
MONITORING
-STOP-

[NEWLY_ADDED_NEED_KEYINFO_READ_PIN]
NEWLY_ADDED_NEED_KEYINFO_READ_PIN
-(RESET)-
NEWLY_ADDED
-START-
NEWLY_ADDED_START_READING_KEYINFO
NEWLY_ADDED_READING_KEYINFO
NEWLY_ADDED_START_READING_CERT
NEWLY_ADDED_READING_CERT
NEWLY_ADDED_DECIDING
MONITORING
-STOP-

[NEWLY_ADDED_NEED_KEYINFO_READ_TOKEN]
NEWLY_ADDED_NEED_KEYINFO_READ_TOKEN
-(RESET)-
NEWLY_ADDED
-START-
NEWLY_ADDED_START_READING_KEYINFO
NEWLY_ADDED_READING_KEYINFO
NEWLY_ADDED_START_READING_CERT
NEWLY_ADDED_READING_CERT
NEWLY_ADDED_DECIDING
MONITORING
-STOP-

[NEWLY_ADDED_READING_CERT]
NEWLY_ADDED_READING_CERT
-(RESET)-
NEWLY_ADDED
-START-
NEWLY_ADDED_START_READING_KEYINFO
NEWLY_ADDED_READING_KEYINFO
NEWLY_ADDED_START_READING_CERT
NEWLY_ADDED_READING_CERT
NEWLY_ADDED_DECIDING
MONITORING
-STOP-

[NEWLY_ADDED_READING_KEYINFO]
NEWLY_ADDED_READING_KEYINFO
-(RESET)-
NEWLY_ADDED
-START-
NEWLY_ADDED_START_READING_KEYINFO
NEWLY_ADDED_READING_KEYINFO
NEWLY_ADDED_START_READING_CERT
NEWLY_ADDED_READING_CERT
NEWLY_ADDED_DECIDING
MONITORING
-STOP-

[NEWLY_ADDED_START_READING_CERT]
NEWLY_ADDED_START_READING_CERT
-(RESET)-
NEWLY_ADDED
-START-
NEWLY_ADDED_START_READING_KEYINFO
NEWLY_ADDED_READING_KEYINFO
NEWLY_ADDED_START_READING_CERT
NEWLY_ADDED_READING_CERT
NEWLY_ADDED_DECIDING
MONITORING
-STOP-

[NEWLY_ADDED_START_READING_KEYINFO]
NEWLY_ADDED_START_READING_KEYINFO
-(RESET)-
NEWLY_ADDED
-START-
NEWLY_ADDED_START_READING_KEYINFO
NEWLY_ADDED_READING_KEYINFO
NEWLY_ADDED_START_READING_CERT
NEWLY_ADDED_READING_CERT
NEWLY_ADDED_DECIDING
MONITORING
-STOP-

[NOTIFYING_ISSUED_FAILED]
NOTIFYING_ISSUED_FAILED
-(RESET)-
NEED_TO_NOTIFY_ISSUED_FAILED
-START-
NOTIFYING_ISSUED_FAILED
NEED_TO_SAVE_CERT
PRE_SAVE_CERT
START_SAVING_CERT
SAVING_CERT
NEED_TO_READ_CERT
READING_CERT
SAVED_CERT
POST_SAVED_CERT
NEED_TO_SAVE_CA_CERTS
START_SAVING_CA_CERTS
SAVING_CA_CERTS
NEED_TO_NOTIFY_ISSUED_SAVED
NOTIFYING_ISSUED_SAVED
MONITORING
-STOP-

[NOTIFYING_ISSUED_SAVED]
NOTIFYING_ISSUED_SAVED
-(RESET)-
NEED_TO_NOTIFY_ISSUED_SAVED
-START-
NOTIFYING_ISSUED_SAVED
MONITORING
-STOP-

[NOTIFYING_REJECTION]
NOTIFYING_REJECTION
-(RESET)-
NEED_TO_NOTIFY_REJECTION
-START-
NOTIFYING_REJECTION
CA_REJECTED
-STUCK- (4:0)

[NOTIFYING_VALIDITY]
NOTIFYING_VALIDITY
-(RESET)-
NEED_TO_NOTIFY_VALIDITY
-START-
NOTIFYING_VALIDITY
delay=86400
MONITORING
-STOP-

[POST_SAVED_CERT]
POST_SAVED_CERT
-(RESET)-
SAVED_CERT
-START-
POST_SAVED_CERT
NEED_TO_SAVE_CA_CERTS
START_SAVING_CA_CERTS
SAVING_CA_CERTS
NEED_TO_NOTIFY_ISSUED_SAVED
NOTIFYING_ISSUED_SAVED
MONITORING
-STOP-

[PRE_SAVE_CERT]
PRE_SAVE_CERT
-(RESET)-
NEED_TO_SAVE_CERT
-START-
PRE_SAVE_CERT
START_SAVING_CERT
SAVING_CERT
NEED_TO_READ_CERT
READING_CERT
SAVED_CERT
POST_SAVED_CERT
NEED_TO_SAVE_CA_CERTS
START_SAVING_CA_CERTS
SAVING_CA_CERTS
NEED_TO_NOTIFY_ISSUED_SAVED
NOTIFYING_ISSUED_SAVED
MONITORING
-STOP-

[READING_CERT]
READING_CERT
-(RESET)-
NEED_TO_READ_CERT
-START-
READING_CERT
SAVED_CERT
POST_SAVED_CERT
NEED_TO_SAVE_CA_CERTS
START_SAVING_CA_CERTS
SAVING_CA_CERTS
NEED_TO_NOTIFY_ISSUED_SAVED
NOTIFYING_ISSUED_SAVED
MONITORING
-STOP-

[READING_KEYINFO]
READING_KEYINFO
-(RESET)-
NEED_KEYINFO
-START-
READING_KEYINFO
HAVE_KEYINFO
NEED_CSR
GENERATING_CSR
HAVE_CSR
NEED_TO_SUBMIT
SUBMITTING
NEED_TO_SAVE_CERT
PRE_SAVE_CERT
START_SAVING_CERT
SAVING_CERT
NEED_TO_READ_CERT
READING_CERT
SAVED_CERT
POST_SAVED_CERT
NEED_TO_SAVE_CA_CERTS
START_SAVING_CA_CERTS
SAVING_CA_CERTS
NEED_TO_NOTIFY_ISSUED_SAVED
NOTIFYING_ISSUED_SAVED
MONITORING
-STOP-

[SAVED_CERT]
SAVED_CERT
-START-
POST_SAVED_CERT
NEED_TO_SAVE_CA_CERTS
START_SAVING_CA_CERTS
SAVING_CA_CERTS
NEED_TO_NOTIFY_ISSUED_SAVED
NOTIFYING_ISSUED_SAVED
MONITORING
-STOP-

[SAVING_CA_CERTS]
SAVING_CA_CERTS
-(RESET)-
NEED_TO_SAVE_CA_CERTS
-START-
START_SAVING_CA_CERTS
SAVING_CA_CERTS
NEED_TO_NOTIFY_ISSUED_SAVED
NOTIFYING_ISSUED_SAVED
MONITORING
-STOP-

[SAVING_CERT]
SAVING_CERT
-(RESET)-
NEED_TO_SAVE_CERT
-START-
PRE_SAVE_CERT
START_SAVING_CERT
SAVING_CERT
NEED_TO_READ_CERT
READING_CERT
SAVED_CERT
POST_SAVED_CERT
NEED_TO_SAVE_CA_CERTS
START_SAVING_CA_CERTS
SAVING_CA_CERTS
NEED_TO_NOTIFY_ISSUED_SAVED
NOTIFYING_ISSUED_SAVED
MONITORING
-STOP-

[NEED_CA_CERT_SAVE_PERMS]
NEED_CA_CERT_SAVE_PERMS
-(RESET)-
NEED_TO_SAVE_CA_CERTS
-START-
START_SAVING_CA_CERTS
SAVING_CA_CERTS
NEED_TO_NOTIFY_ISSUED_SAVED
NOTIFYING_ISSUED_SAVED
MONITORING
-STOP-

[NEED_CERTSAVE_PERMS]
NEED_CERTSAVE_PERMS
-(RESET)-
NEED_TO_SAVE_CERT
-START-
PRE_SAVE_CERT
START_SAVING_CERT
SAVING_CERT
NEED_TO_READ_CERT
READING_CERT
SAVED_CERT
POST_SAVED_CERT
NEED_TO_SAVE_CA_CERTS
START_SAVING_CA_CERTS
SAVING_CA_CERTS
NEED_TO_NOTIFY_ISSUED_SAVED
NOTIFYING_ISSUED_SAVED
MONITORING
-STOP-

[START_SAVING_CA_CERTS]
START_SAVING_CA_CERTS
-(RESET)-
NEED_TO_SAVE_CA_CERTS
-START-
START_SAVING_CA_CERTS
SAVING_CA_CERTS
NEED_TO_NOTIFY_ISSUED_SAVED
NOTIFYING_ISSUED_SAVED
MONITORING
-STOP-

[START_SAVING_CERT]
START_SAVING_CERT
-(RESET)-
NEED_TO_SAVE_CERT
-START-
PRE_SAVE_CERT
START_SAVING_CERT
SAVING_CERT
NEED_TO_READ_CERT
READING_CERT
SAVED_CERT
POST_SAVED_CERT
NEED_TO_SAVE_CA_CERTS
START_SAVING_CA_CERTS
SAVING_CA_CERTS
NEED_TO_NOTIFY_ISSUED_SAVED
NOTIFYING_ISSUED_SAVED
MONITORING
-STOP-

[SUBMITTING]
SUBMITTING
-(RESET)-
HAVE_CSR
-START-
NEED_TO_SUBMIT
SUBMITTING
NEED_TO_SAVE_CERT
PRE_SAVE_CERT
START_SAVING_CERT
SAVING_CERT
NEED_TO_READ_CERT
READING_CERT
SAVED_CERT
POST_SAVED_CERT
NEED_TO_SAVE_CA_CERTS
START_SAVING_CA_CERTS
SAVING_CA_CERTS
NEED_TO_NOTIFY_ISSUED_SAVED
NOTIFYING_ISSUED_SAVED
MONITORING
-STOP-

Test complete.
