[Creating database.]
[Generating key with no token.]
NEED_KEY_PAIR
-START-
GENERATING_KEY_PAIR
NEED_KEY_GEN_TOKEN
-STOP-
state=NEED_KEY_GEN_TOKEN
[Creating database.]
[Reading Key Info with no token.]
NEED_KEYINFO
-START-
READING_KEYINFO
NEED_KEYINFO_READ_TOKEN
-STOP-
state=NEED_KEYINFO_READ_TOKEN
[Creating database.]
[Generating CSR with no token.]
NEED_CSR
-(RESET)-
HAVE_KEYINFO
-START-
NEED_CSR
GENERATING_CSR
NEED_CSR_GEN_TOKEN
-STOP-
state=NEED_CSR_GEN_TOKEN
[Test complete.]
