[Empty file.]
cipher: AES128
digest: SHA256
notify_ttls: 86400, 172800, 259200, 604800, 2419200
enroll_ttls: 86400, 172800, 259200, 604800, 2419200
notification: SYSLOG:daemon.notice
[Empty defaults.]
cipher: AES128
digest: SHA256
notify_ttls: 86400, 172800, 259200, 604800, 2419200
enroll_ttls: 86400, 172800, 259200, 604800, 2419200
notification: SYSLOG:daemon.notice
[Other settings.]
cipher: AES128
digest: SHA1
notify_ttls: 30, 60, 90
enroll_ttls: 30, 60, 90
notification: MAILTO:root
[Other settings.]
cipher: AES128
digest: SHA512
notify_ttls: 86400, 604800, 1209600, 2419200, 31536000
enroll_ttls: 86400, 604800, 1209600, 2419200, 31536000
notification: MAILTO:root
[TTL settings compatibility and notification commands.]
cipher: AES128
digest: SHA256
notify_ttls: 86400, 604800, 1209600
enroll_ttls: 86400, 604800, 1209600, 2419200
notification: COMMAND:logger "The sky is falling!"
[Test complete.]
