[(CAB1)]
[bundle1]
2
[bundle2]
0
[bundle3]
0
[bundle-all]
6
[db1]
[db2]
[db3]
[dba]

[(CAB2)]
[bundle1]
0
[bundle2]
1
[bundle3]
0
[bundle-all]
6
[db1]
[db2]
[db3]
[dba]

[(CAB3)]
[bundle1]
0
[bundle2]
0
[bundle3]
2
[bundle-all]
6
[db1]
[db2]
[db3]
[dba]

[(CAD1)]
[bundle1]
0
[bundle2]
0
[bundle3]
0
[bundle-all]
0
[db1]
Root Certificate D1 CT,C,C
[db2]
[db3]
[dba]
Other Certificate D1 ,, 
Other Root Certificate D1 CT,C,C
Root Certificate D1 CT,C,C

[(CAD2)]
[bundle1]
0
[bundle2]
0
[bundle3]
0
[bundle-all]
0
[db1]
[db2]
Other Root Certificate D2 CT,C,C
[db3]
[dba]
Other Certificate D2 ,, 
Other Root Certificate D2 CT,C,C
Root Certificate D2 CT,C,C

[(CAD3)]
[bundle1]
0
[bundle2]
0
[bundle3]
0
[bundle-all]
0
[db1]
[db2]
[db3]
Other Certificate D3 ,, 
[dba]
Other Certificate D3 ,, 
Other Root Certificate D3 CT,C,C
Root Certificate D3 CT,C,C

[(EntryB1)]
[bundle1]
2
[bundle2]
0
[bundle3]
0
[bundle-all]
6
[db1]
[db2]
[db3]
[dba]

[(EntryB2)]
[bundle1]
0
[bundle2]
1
[bundle3]
0
[bundle-all]
6
[db1]
[db2]
[db3]
[dba]

[(EntryB3)]
[bundle1]
0
[bundle2]
0
[bundle3]
2
[bundle-all]
6
[db1]
[db2]
[db3]
[dba]

[(EntryD1)]
[bundle1]
0
[bundle2]
0
[bundle3]
0
[bundle-all]
0
[db1]
Per-certificate Signing Authority D1 CT,C,C
[db2]
[db3]
[dba]
Per-certificate Signing Authority D1 CT,C,C

[(EntryD2)]
[bundle1]
0
[bundle2]
0
[bundle3]
0
[bundle-all]
0
[db1]
[db2]
[db3]
[dba]

[(EntryD3)]
[bundle1]
0
[bundle2]
0
[bundle3]
0
[bundle-all]
0
[db1]
[db2]
[db3]
Per-certificate Signing Authority D3 ,, 
[dba]
Per-certificate Signing Authority D3 ,, 

[(EntryCB1)]
[bundle1]
2
[bundle2]
0
[bundle3]
0
[bundle-all]
6
[db1]
[db2]
[db3]
[dba]

[(EntryCB2)]
[bundle1]
0
[bundle2]
1
[bundle3]
0
[bundle-all]
6
[db1]
[db2]
[db3]
[dba]

[(EntryCB3)]
[bundle1]
0
[bundle2]
0
[bundle3]
2
[bundle-all]
6
[db1]
[db2]
[db3]
[dba]

[(EntryCD1)]
[bundle1]
0
[bundle2]
0
[bundle3]
0
[bundle-all]
0
[db1]
Per-certificate Signing Authority CD1 CT,C,C
Root Certificate D1 CT,C,C
[db2]
[db3]
[dba]
Other Certificate D1 ,, 
Other Root Certificate D1 CT,C,C
Per-certificate Signing Authority CD1 CT,C,C
Root Certificate D1 CT,C,C

[(EntryCD2)]
[bundle1]
0
[bundle2]
0
[bundle3]
0
[bundle-all]
0
[db1]
[db2]
Other Root Certificate D2 CT,C,C
[db3]
[dba]
Other Certificate D2 ,, 
Other Root Certificate D2 CT,C,C
Root Certificate D2 CT,C,C

[(EntryCD3)]
[bundle1]
0
[bundle2]
0
[bundle3]
0
[bundle-all]
0
[db1]
[db2]
[db3]
Other Certificate D3 ,, 
Per-certificate Signing Authority CD3 ,, 
[dba]
Other Certificate D3 ,, 
Other Root Certificate D3 CT,C,C
Per-certificate Signing Authority CD3 ,, 
Root Certificate D3 CT,C,C

[(EntryCAB1)]
[bundle1]
2
[bundle2]
0
[bundle3]
0
[bundle-all]
6
[db1]
[db2]
[db3]
[dba]

[(EntryCAB2)]
[bundle1]
0
[bundle2]
1
[bundle3]
0
[bundle-all]
6
[db1]
[db2]
[db3]
[dba]

[(EntryCAB3)]
[bundle1]
0
[bundle2]
0
[bundle3]
2
[bundle-all]
6
[db1]
[db2]
[db3]
[dba]

[(EntryCAD1)]
[bundle1]
0
[bundle2]
0
[bundle3]
0
[bundle-all]
0
[db1]
Root Certificate D1 CT,C,C
[db2]
[db3]
[dba]
Other Certificate D1 ,, 
Other Root Certificate D1 CT,C,C
Root Certificate D1 CT,C,C

[(EntryCAD2)]
[bundle1]
0
[bundle2]
0
[bundle3]
0
[bundle-all]
0
[db1]
[db2]
Other Root Certificate D2 CT,C,C
[db3]
[dba]
Other Certificate D2 ,, 
Other Root Certificate D2 CT,C,C
Root Certificate D2 CT,C,C

[(EntryCAD3)]
[bundle1]
0
[bundle2]
0
[bundle3]
0
[bundle-all]
0
[db1]
[db2]
[db3]
Other Certificate D3 ,, 
[dba]
Other Certificate D3 ,, 
Other Root Certificate D3 CT,C,C
Root Certificate D3 CT,C,C

OK.
