pk12util: PKCS12 EXPORT SUCCESSFUL
MAC verified OK
512 OK.
pk12util: PKCS12 EXPORT SUCCESSFUL
MAC verified OK
1024 OK.
pk12util: PKCS12 EXPORT SUCCESSFUL
MAC verified OK
1536 OK.
pk12util: PKCS12 EXPORT SUCCESSFUL
MAC verified OK
2048 OK.
pk12util: PKCS12 EXPORT SUCCESSFUL
MAC verified OK
3072 OK.
pk12util: PKCS12 EXPORT SUCCESSFUL
MAC verified OK
4096 OK.
Test complete.
