[nss:512]
OK.
OK (RSA:512).
[nss:1024]
OK.
OK (RSA:1024).
[nss:1536]
OK.
OK (RSA:1536).
[nss:2048]
OK.
OK (RSA:2048).
[nss:3072]
OK.
OK (RSA:3072).
[nss:4096]
OK.
OK (RSA:4096).
[nss:rosubdir]
Failed to save NSS:${tmpdir}/rosubdir: need fs permissions.
[nss:rwsubdir]
Failed to save NSS:${tmpdir}/rwsubdir: need fs permissions.
[openssl:512]
OK.
OK (RSA:512).
[openssl:1024]
OK.
OK (RSA:1024).
[openssl:1536]
OK.
OK (RSA:1536).
[openssl:2048]
OK.
OK (RSA:2048).
[openssl:3072]
OK.
OK (RSA:3072).
[openssl:4096]
OK.
OK (RSA:4096).
[openssl:rosubdir]
Failed to save FILE:${tmpdir}/rosubdir/sample.4096: need fs permissions.
[openssl:rwsubdir]
Failed to save FILE:${tmpdir}/rwsubdir/sample.4096: need fs permissions.
Test complete.
